Archive member included to satisfy reference by file (symbol)

f:/mounriver/mounriver_studio/toolchain/risc-v embedded gcc12/bin/../lib/gcc/riscv-none-elf/12.2.0/rv32imac_xw/ilp32\libgcc.a(adddf3.o)
                              ./user/ch32v20x_it.o (__adddf3)
f:/mounriver/mounriver_studio/toolchain/risc-v embedded gcc12/bin/../lib/gcc/riscv-none-elf/12.2.0/rv32imac_xw/ilp32\libgcc.a(muldf3.o)
                              ./user/ch32v20x_it.o (__muldf3)
f:/mounriver/mounriver_studio/toolchain/risc-v embedded gcc12/bin/../lib/gcc/riscv-none-elf/12.2.0/rv32imac_xw/ilp32\libgcc.a(fixdfsi.o)
                              ./user/ch32v20x_it.o (__fixdfsi)
f:/mounriver/mounriver_studio/toolchain/risc-v embedded gcc12/bin/../lib/gcc/riscv-none-elf/12.2.0/rv32imac_xw/ilp32\libgcc.a(floatsidf.o)
                              ./user/ch32v20x_it.o (__floatsidf)
f:/mounriver/mounriver_studio/toolchain/risc-v embedded gcc12/bin/../lib/gcc/riscv-none-elf/12.2.0/rv32imac_xw/ilp32\libgcc.a(divsf3.o)
                              ./BLDC_c/control.o (__divsf3)
f:/mounriver/mounriver_studio/toolchain/risc-v embedded gcc12/bin/../lib/gcc/riscv-none-elf/12.2.0/rv32imac_xw/ilp32\libgcc.a(lesf2.o)
                              ./BLDC_c/control.o (__ltsf2)
f:/mounriver/mounriver_studio/toolchain/risc-v embedded gcc12/bin/../lib/gcc/riscv-none-elf/12.2.0/rv32imac_xw/ilp32\libgcc.a(floatsisf.o)
                              ./BLDC_c/control.o (__floatsisf)
f:/mounriver/mounriver_studio/toolchain/risc-v embedded gcc12/bin/../lib/gcc/riscv-none-elf/12.2.0/rv32imac_xw/ilp32\libgcc.a(floatunsisf.o)
                              ./BLDC_c/control.o (__floatunsisf)
f:/mounriver/mounriver_studio/toolchain/risc-v embedded gcc12/bin/../lib/gcc/riscv-none-elf/12.2.0/rv32imac_xw/ilp32\libgcc.a(save-restore.o)
                              ./BLDC_c/led.o (__riscv_save_5)
f:/mounriver/mounriver_studio/toolchain/risc-v embedded gcc12/bin/../lib/gcc/riscv-none-elf/12.2.0/rv32imac_xw/ilp32\libgcc.a(_clzsi2.o)
                              f:/mounriver/mounriver_studio/toolchain/risc-v embedded gcc12/bin/../lib/gcc/riscv-none-elf/12.2.0/rv32imac_xw/ilp32\libgcc.a(adddf3.o) (__clzsi2)
f:/mounriver/mounriver_studio/toolchain/risc-v embedded gcc12/bin/../lib/gcc/riscv-none-elf/12.2.0/rv32imac_xw/ilp32\libgcc.a(_clz.o)
                              f:/mounriver/mounriver_studio/toolchain/risc-v embedded gcc12/bin/../lib/gcc/riscv-none-elf/12.2.0/rv32imac_xw/ilp32\libgcc.a(_clzsi2.o) (__clz_tab)
f:/mounriver/mounriver_studio/toolchain/risc-v embedded gcc12/bin/../lib/gcc/riscv-none-elf/12.2.0/../../../../riscv-none-elf/lib/rv32imac_xw/ilp32\libg_nano.a(lib_a-rand.o)
                              ./BLDC_c/control.o (rand)
f:/mounriver/mounriver_studio/toolchain/risc-v embedded gcc12/bin/../lib/gcc/riscv-none-elf/12.2.0/../../../../riscv-none-elf/lib/rv32imac_xw/ilp32\libg_nano.a(lib_a-assert.o)
                              f:/mounriver/mounriver_studio/toolchain/risc-v embedded gcc12/bin/../lib/gcc/riscv-none-elf/12.2.0/../../../../riscv-none-elf/lib/rv32imac_xw/ilp32\libg_nano.a(lib_a-rand.o) (__assert_func)
f:/mounriver/mounriver_studio/toolchain/risc-v embedded gcc12/bin/../lib/gcc/riscv-none-elf/12.2.0/../../../../riscv-none-elf/lib/rv32imac_xw/ilp32\libg_nano.a(lib_a-fprintf.o)
                              f:/mounriver/mounriver_studio/toolchain/risc-v embedded gcc12/bin/../lib/gcc/riscv-none-elf/12.2.0/../../../../riscv-none-elf/lib/rv32imac_xw/ilp32\libg_nano.a(lib_a-assert.o) (fiprintf)
f:/mounriver/mounriver_studio/toolchain/risc-v embedded gcc12/bin/../lib/gcc/riscv-none-elf/12.2.0/../../../../riscv-none-elf/lib/rv32imac_xw/ilp32\libg_nano.a(lib_a-impure.o)
                              f:/mounriver/mounriver_studio/toolchain/risc-v embedded gcc12/bin/../lib/gcc/riscv-none-elf/12.2.0/../../../../riscv-none-elf/lib/rv32imac_xw/ilp32\libg_nano.a(lib_a-rand.o) (_impure_ptr)
f:/mounriver/mounriver_studio/toolchain/risc-v embedded gcc12/bin/../lib/gcc/riscv-none-elf/12.2.0/../../../../riscv-none-elf/lib/rv32imac_xw/ilp32\libg_nano.a(lib_a-malloc.o)
                              f:/mounriver/mounriver_studio/toolchain/risc-v embedded gcc12/bin/../lib/gcc/riscv-none-elf/12.2.0/../../../../riscv-none-elf/lib/rv32imac_xw/ilp32\libg_nano.a(lib_a-rand.o) (malloc)
f:/mounriver/mounriver_studio/toolchain/risc-v embedded gcc12/bin/../lib/gcc/riscv-none-elf/12.2.0/../../../../riscv-none-elf/lib/rv32imac_xw/ilp32\libg_nano.a(lib_a-nano-freer.o)
                              f:/mounriver/mounriver_studio/toolchain/risc-v embedded gcc12/bin/../lib/gcc/riscv-none-elf/12.2.0/../../../../riscv-none-elf/lib/rv32imac_xw/ilp32\libg_nano.a(lib_a-malloc.o) (_free_r)
f:/mounriver/mounriver_studio/toolchain/risc-v embedded gcc12/bin/../lib/gcc/riscv-none-elf/12.2.0/../../../../riscv-none-elf/lib/rv32imac_xw/ilp32\libg_nano.a(lib_a-nano-mallocr.o)
[...]
Memory Configuration

Name             Origin             Length             Attributes
FLASH            0x0000000000000000 0x0000000000010000 xr
RAM              0x0000000020000000 0x0000000000005000 xrw
*default*        0x0000000000000000 0xffffffffffffffff

Linker script and memory map

LOAD ./wch_sdk/Startup/startup_ch32v20x_D6.o
LOAD ./wch_sdk/Peripheral/src/ch32v20x_adc.o
LOAD ./wch_sdk/Peripheral/src/ch32v20x_bkp.o
LOAD ./wch_sdk/Peripheral/src/ch32v20x_can.o
LOAD ./wch_sdk/Peripheral/src/ch32v20x_crc.o
LOAD ./wch_sdk/Peripheral/src/ch32v20x_dbgmcu.o
LOAD ./wch_sdk/Peripheral/src/ch32v20x_dma.o
LOAD ./wch_sdk/Peripheral/src/ch32v20x_exti.o
LOAD ./wch_sdk/Peripheral/src/ch32v20x_flash.o
LOAD ./wch_sdk/Peripheral/src/ch32v20x_gpio.o
LOAD ./wch_sdk/Peripheral/src/ch32v20x_i2c.o
LOAD ./wch_sdk/Peripheral/src/ch32v20x_iwdg.o
LOAD ./wch_sdk/Peripheral/src/ch32v20x_misc.o
LOAD ./wch_sdk/Peripheral/src/ch32v20x_opa.o
LOAD ./wch_sdk/Peripheral/src/ch32v20x_pwr.o
LOAD ./wch_sdk/Peripheral/src/ch32v20x_rcc.o
LOAD ./wch_sdk/Peripheral/src/ch32v20x_rtc.o
LOAD ./wch_sdk/Peripheral/src/ch32v20x_spi.o
LOAD ./wch_sdk/Peripheral/src/ch32v20x_tim.o
LOAD ./wch_sdk/Peripheral/src/ch32v20x_usart.o
LOAD ./wch_sdk/Peripheral/src/ch32v20x_wwdg.o
LOAD ./wch_sdk/Debug/debug.o
LOAD ./wch_sdk/Core/core_riscv.o
LOAD ./user/ch32v20x_it.o
LOAD ./user/main.o
LOAD ./user/system_ch32v20x.o
LOAD ./BLDC_c/control.o
LOAD ./BLDC_c/led.o
LOAD ./BLDC_c/opma.o
LOAD ./BLDC_c/pwm_output.o
LOAD ./BLDC_c/usart.o
LOAD f:/mounriver/mounriver_studio/toolchain/risc-v embedded gcc12/bin/../lib/gcc/riscv-none-elf/12.2.0/rv32imac_xw/ilp32\libgcc.a
LOAD f:/mounriver/mounriver_studio/toolchain/risc-v embedded gcc12/bin/../lib/gcc/riscv-none-elf/12.2.0/../../../../riscv-none-elf/lib/rv32imac_xw/ilp32\libg_nano.a
LOAD f:/mounriver/mounriver_studio/toolchain/risc-v embedded gcc12/bin/../lib/gcc/riscv-none-elf/12.2.0/../../../../riscv-none-elf/lib/rv32imac_xw/ilp32\libc_nano.a
LOAD f:/mounriver/mounriver_studio/toolchain/risc-v embedded gcc12/bin/../lib/gcc/riscv-none-elf/12.2.0/rv32imac_xw/ilp32\libgcc.a
START GROUP
LOAD f:/mounriver/mounriver_studio/toolchain/risc-v embedded gcc12/bin/../lib/gcc/riscv-none-elf/12.2.0/rv32imac_xw/ilp32\libgcc.a
LOAD f:/mounriver/mounriver_studio/toolchain/risc-v embedded gcc12/bin/../lib/gcc/riscv-none-elf/12.2.0/../../../../riscv-none-elf/lib/rv32imac_xw/ilp32\libc_nano.a
LOAD f:/mounriver/mounriver_studio/toolchain/risc-v embedded gcc12/bin/../lib/gcc/riscv-none-elf/12.2.0/../../../../riscv-none-elf/lib/rv32imac_xw/ilp32\libnosys.a
END GROUP
START GROUP
LOAD f:/mounriver/mounriver_studio/toolchain/risc-v embedded gcc12/bin/../lib/gcc/riscv-none-elf/12.2.0/rv32imac_xw/ilp32\libgcc.a
LOAD f:/mounriver/mounriver_studio/toolchain/risc-v embedded gcc12/bin/../lib/gcc/riscv-none-elf/12.2.0/../../../../riscv-none-elf/lib/rv32imac_xw/ilp32\libc_nano.a
LOAD f:/mounriver/mounriver_studio/toolchain/risc-v embedded gcc12/bin/../lib/gcc/riscv-none-elf/12.2.0/../../../../riscv-none-elf/lib/rv32imac_xw/ilp32\libnosys.a
END GROUP
                0x0000000000000800                __stack_size = 0x800
                [!provide]                        PROVIDE (_stack_size = __stack_size)

.init           0x0000000000000000       0x38
                0x0000000000000000                _sinit = .
                0x0000000000000000                . = ALIGN (0x4)
 *(SORT_NONE(.init))
 .init          0x0000000000000000       0x38 ./wch_sdk/Startup/startup_ch32v20x_D6.o
                0x0000000000000000                _start
                0x0000000000000038                . = ALIGN (0x4)
                0x0000000000000038                _einit = .

.vector         0x0000000000000038      0x108
 *(.vector)
 .vector        0x0000000000000038       0xfc ./wch_sdk/Startup/startup_ch32v20x_D6.o
                0x0000000000000140                . = ALIGN (0x40)
 *fill*         0x0000000000000134        0xc 

.text           0x0000000000000140     0x47f0
                0x0000000000000140                . = ALIGN (0x4)
 *(.text)
 .text          0x0000000000000140       0x60 f:/mounriver/mounriver_studio/toolchain/risc-v embedded gcc12/bin/../lib/gcc/riscv-none-elf/12.2.0/rv32imac_xw/ilp32\libgcc.a(save-restore.o)
                0x0000000000000140                __riscv_save_12
                0x0000000000000148                __riscv_save_9
                0x0000000000000148                __riscv_save_11
                0x0000000000000148                __riscv_save_10
                0x0000000000000148                __riscv_save_8
                0x0000000000000156                __riscv_save_4
                0x0000000000000156                __riscv_save_6
                0x0000000000000156                __riscv_save_5
                0x0000000000000156                __riscv_save_7
                0x0000000000000170                __riscv_save_3
                0x0000000000000170                __riscv_save_2
                0x0000000000000170                __riscv_save_1
                0x0000000000000170                __riscv_save_0
                0x000000000000017c                __riscv_restore_12
                0x0000000000000180                __riscv_restore_11
                0x0000000000000180                __riscv_restore_9
                0x0000000000000180                __riscv_restore_10
                0x0000000000000180                __riscv_restore_8
                0x000000000000018a                __riscv_restore_5
                0x000000000000018a                __riscv_restore_7
                0x000000000000018a                __riscv_restore_6
                0x000000000000018a                __riscv_restore_4
                0x0000000000000194                __riscv_restore_3
                0x0000000000000194                __riscv_restore_0
                0x0000000000000194                __riscv_restore_2
                0x0000000000000194                __riscv_restore_1
 .text          0x00000000000001a0       0x10 f:/mounriver/mounriver_studio/toolchain/risc-v embedded gcc12/bin/../lib/gcc/riscv-none-elf/12.2.0/../../../../riscv-none-elf/lib/rv32imac_xw/ilp32\libg_nano.a(lib_a-memset.o)
                0x00000000000001a0                memset
 *(.text.*)
 .text.vector_handler
                0x00000000000001b0       0x6c ./wch_sdk/Startup/startup_ch32v20x_D6.o
                0x00000000000001b4                Ecall_M_Mode_Handler
                0x00000000000001b6                Ecall_U_Mode_Handler
                0x00000000000001b8                Break_Point_Handler
                0x00000000000001bc                SW_Handler
                0x00000000000001be                WWDG_IRQHandler
                0x00000000000001c0                PVD_IRQHandler
                0x00000000000001c2                TAMPER_IRQHandler
                0x00000000000001c4                RTC_IRQHandler
                0x00000000000001c6                FLASH_IRQHandler
                0x00000000000001c8                RCC_IRQHandler
                0x00000000000001ca                EXTI0_IRQHandler
                0x00000000000001cc                EXTI1_IRQHandler
                0x00000000000001d0                EXTI3_IRQHandler
                0x00000000000001d2                EXTI4_IRQHandler
                0x00000000000001d4                DMA1_Channel1_IRQHandler
                0x00000000000001d6                DMA1_Channel2_IRQHandler
                0x00000000000001d8                DMA1_Channel3_IRQHandler
                0x00000000000001da                DMA1_Channel4_IRQHandler
                0x00000000000001dc                DMA1_Channel5_IRQHandler
                0x00000000000001de                DMA1_Channel6_IRQHandler
                0x00000000000001e0                DMA1_Channel7_IRQHandler
                0x00000000000001e2                ADC1_2_IRQHandler
                0x00000000000001e4                USB_HP_CAN1_TX_IRQHandler
                0x00000000000001e6                USB_LP_CAN1_RX0_IRQHandler
                0x00000000000001e8                CAN1_RX1_IRQHandler
                0x00000000000001ea                CAN1_SCE_IRQHandler
                0x00000000000001ec                EXTI9_5_IRQHandler
                0x00000000000001ee                TIM1_BRK_IRQHandler
                0x00000000000001f0                TIM1_UP_IRQHandler
                0x00000000000001f2                TIM1_TRG_COM_IRQHandler
                0x00000000000001f4                TIM1_CC_IRQHandler
                0x00000000000001fc                I2C1_EV_IRQHandler
                0x00000000000001fe                I2C1_ER_IRQHandler
                0x0000000000000200                I2C2_EV_IRQHandler
                0x0000000000000202                I2C2_ER_IRQHandler
                0x0000000000000204                SPI1_IRQHandler
                0x0000000000000206                SPI2_IRQHandler
                0x000000000000020a                USART2_IRQHandler
                0x000000000000020c                USART3_IRQHandler
                0x000000000000020e                EXTI15_10_IRQHandler
                0x0000000000000210                RTCAlarm_IRQHandler
                0x0000000000000212                USBWakeUp_IRQHandler
                0x0000000000000214                USBHD_IRQHandler
                0x0000000000000216                USBHDWakeUp_IRQHandler
                0x0000000000000218                UART4_IRQHandler
                0x000000000000021a                DMA1_Channel8_IRQHandler
 .text.handle_reset
                0x000000000000021c       0x86 ./wch_sdk/Startup/startup_ch32v20x_D6.o
                0x000000000000021c                handle_reset
 .text.EXTI_Init
                0x00000000000002a2       0x62 ./wch_sdk/Peripheral/src/ch32v20x_exti.o
                0x00000000000002a2                EXTI_Init
 .text.EXTI_ClearITPendingBit
                0x0000000000000304        0xc ./wch_sdk/Peripheral/src/ch32v20x_exti.o
                0x0000000000000304                EXTI_ClearITPendingBit
 .text.GPIO_Init
                0x0000000000000310       0xee ./wch_sdk/Peripheral/src/ch32v20x_gpio.o
                0x0000000000000310                GPIO_Init
 .text.GPIO_PinRemapConfig
                0x00000000000003fe      0x112 ./wch_sdk/Peripheral/src/ch32v20x_gpio.o
                0x00000000000003fe                GPIO_PinRemapConfig
 .text.GPIO_EXTILineConfig
                0x0000000000000510       0x2c ./wch_sdk/Peripheral/src/ch32v20x_gpio.o
                0x0000000000000510                GPIO_EXTILineConfig
 .text.NVIC_Init
                0x000000000000053c       0xa8 ./wch_sdk/Peripheral/src/ch32v20x_misc.o
                0x000000000000053c                NVIC_Init
 .text.RCC_GetClocksFreq
                0x00000000000005e4       0xb8 ./wch_sdk/Peripheral/src/ch32v20x_rcc.o
                0x00000000000005e4                RCC_GetClocksFreq
 .text.RCC_APB2PeriphClockCmd
                0x000000000000069c       0x1e ./wch_sdk/Peripheral/src/ch32v20x_rcc.o
                0x000000000000069c                RCC_APB2PeriphClockCmd
 .text.RCC_APB1PeriphClockCmd
                0x00000000000006ba       0x1e ./wch_sdk/Peripheral/src/ch32v20x_rcc.o
                0x00000000000006ba                RCC_APB1PeriphClockCmd
 .text.RCC_APB2PeriphResetCmd
                0x00000000000006d8       0x1e ./wch_sdk/Peripheral/src/ch32v20x_rcc.o
                0x00000000000006d8                RCC_APB2PeriphResetCmd
 .text.RCC_APB1PeriphResetCmd
                0x00000000000006f6       0x1e ./wch_sdk/Peripheral/src/ch32v20x_rcc.o
                0x00000000000006f6                RCC_APB1PeriphResetCmd
 .text.TIM_DeInit
                0x0000000000000714       0x7a ./wch_sdk/Peripheral/src/ch32v20x_tim.o
                0x0000000000000714                TIM_DeInit
 .text.TIM_TimeBaseInit
                0x000000000000078e       0x6a ./wch_sdk/Peripheral/src/ch32v20x_tim.o
                0x000000000000078e                TIM_TimeBaseInit
 .text.TIM_OC1Init
                0x00000000000007f8       0x6a ./wch_sdk/Peripheral/src/ch32v20x_tim.o
                0x00000000000007f8                TIM_OC1Init
 .text.TIM_OC2Init
                0x0000000000000862       0x94 ./wch_sdk/Peripheral/src/ch32v20x_tim.o
                0x0000000000000862                TIM_OC2Init
 .text.TIM_OC3Init
                0x00000000000008f6       0x92 ./wch_sdk/Peripheral/src/ch32v20x_tim.o
                0x00000000000008f6                TIM_OC3Init
 .text.TIM_OC4Init
                0x0000000000000988       0x68 ./wch_sdk/Peripheral/src/ch32v20x_tim.o
                0x0000000000000988                TIM_OC4Init
 .text.TIM_BDTRConfig
                0x00000000000009f0       0x20 ./wch_sdk/Peripheral/src/ch32v20x_tim.o
                0x00000000000009f0                TIM_BDTRConfig
 .text.TIM_TimeBaseStructInit
                0x0000000000000a10       0x16 ./wch_sdk/Peripheral/src/ch32v20x_tim.o
                0x0000000000000a10                TIM_TimeBaseStructInit
 .text.TIM_OCStructInit
                0x0000000000000a26       0x22 ./wch_sdk/Peripheral/src/ch32v20x_tim.o
                0x0000000000000a26                TIM_OCStructInit
 .text.TIM_BDTRStructInit
                0x0000000000000a48       0x1e ./wch_sdk/Peripheral/src/ch32v20x_tim.o
                0x0000000000000a48                TIM_BDTRStructInit
 .text.TIM_Cmd  0x0000000000000a66       0x18 ./wch_sdk/Peripheral/src/ch32v20x_tim.o
                0x0000000000000a66                TIM_Cmd
 .text.TIM_CtrlPWMOutputs
                0x0000000000000a7e       0x16 ./wch_sdk/Peripheral/src/ch32v20x_tim.o
                0x0000000000000a7e                TIM_CtrlPWMOutputs
 .text.TIM_ITConfig
                0x0000000000000a94       0x12 ./wch_sdk/Peripheral/src/ch32v20x_tim.o
                0x0000000000000a94                TIM_ITConfig
 .text.TIM_GenerateEvent
                0x0000000000000aa6        0x4 ./wch_sdk/Peripheral/src/ch32v20x_tim.o
                0x0000000000000aa6                TIM_GenerateEvent
 .text.TIM_ARRPreloadConfig
                0x0000000000000aaa       0x1a ./wch_sdk/Peripheral/src/ch32v20x_tim.o
                0x0000000000000aaa                TIM_ARRPreloadConfig
 .text.TIM_OC1PreloadConfig
                0x0000000000000ac4        0xe ./wch_sdk/Peripheral/src/ch32v20x_tim.o
                0x0000000000000ac4                TIM_OC1PreloadConfig
 .text.TIM_OC2PreloadConfig
                0x0000000000000ad2       0x16 ./wch_sdk/Peripheral/src/ch32v20x_tim.o
                0x0000000000000ad2                TIM_OC2PreloadConfig
 .text.TIM_OC3PreloadConfig
                0x0000000000000ae8        0xe ./wch_sdk/Peripheral/src/ch32v20x_tim.o
                0x0000000000000ae8                TIM_OC3PreloadConfig
 .text.TIM_OC1FastConfig
                0x0000000000000af6        0xe ./wch_sdk/Peripheral/src/ch32v20x_tim.o
                0x0000000000000af6                TIM_OC1FastConfig
 .text.TIM_OC2FastConfig
                0x0000000000000b04       0x16 ./wch_sdk/Peripheral/src/ch32v20x_tim.o
                0x0000000000000b04                TIM_OC2FastConfig
 .text.TIM_OC3FastConfig
                0x0000000000000b1a        0xe ./wch_sdk/Peripheral/src/ch32v20x_tim.o
                0x0000000000000b1a                TIM_OC3FastConfig
 .text.TIM_CCxCmd
                0x0000000000000b28       0x1c ./wch_sdk/Peripheral/src/ch32v20x_tim.o
                0x0000000000000b28                TIM_CCxCmd
 .text.TIM_CCxNCmd
                0x0000000000000b44       0x1c ./wch_sdk/Peripheral/src/ch32v20x_tim.o
                0x0000000000000b44                TIM_CCxNCmd
 .text.TIM_ClearITPendingBit
                0x0000000000000b60        0xc ./wch_sdk/Peripheral/src/ch32v20x_tim.o
                0x0000000000000b60                TIM_ClearITPendingBit
 .text.USART_Init
                0x0000000000000b6c       0xb2 ./wch_sdk/Peripheral/src/ch32v20x_usart.o
                0x0000000000000b6c                USART_Init
 .text.USART_Cmd
                0x0000000000000c1e       0x14 ./wch_sdk/Peripheral/src/ch32v20x_usart.o
                0x0000000000000c1e                USART_Cmd
 .text.USART_ITConfig
                0x0000000000000c32       0x38 ./wch_sdk/Peripheral/src/ch32v20x_usart.o
                0x0000000000000c32                USART_ITConfig
 .text.USART_SendData
                0x0000000000000c6a        0x8 ./wch_sdk/Peripheral/src/ch32v20x_usart.o
                0x0000000000000c6a                USART_SendData
 .text.USART_ReceiveData
                0x0000000000000c72        0x8 ./wch_sdk/Peripheral/src/ch32v20x_usart.o
                0x0000000000000c72                USART_ReceiveData
 .text.USART_GetFlagStatus
                0x0000000000000c7a        0xa ./wch_sdk/Peripheral/src/ch32v20x_usart.o
                0x0000000000000c7a                USART_GetFlagStatus
 .text.USART_GetITStatus
                0x0000000000000c84       0x3e ./wch_sdk/Peripheral/src/ch32v20x_usart.o
                0x0000000000000c84                USART_GetITStatus
 .text.USART_ClearITPendingBit
                0x0000000000000cc2       0x14 ./wch_sdk/Peripheral/src/ch32v20x_usart.o
                0x0000000000000cc2                USART_ClearITPendingBit
 .text._write   0x0000000000000cd6       0x3a ./wch_sdk/Debug/debug.o
                0x0000000000000cd6                _write
 .text._sbrk    0x0000000000000d10       0x2a ./wch_sdk/Debug/debug.o
                0x0000000000000d10                _sbrk
 .text.SysTick_Handler
                0x0000000000000d3a        0xe ./user/ch32v20x_it.o
                0x0000000000000d3a                SysTick_Handler
 .text.TIM2_IRQHandler
                0x0000000000000d48        0xc ./user/ch32v20x_it.o
                0x0000000000000d48                TIM2_IRQHandler
 .text.TIM3_IRQHandler
                0x0000000000000d54       0x12 ./user/ch32v20x_it.o
                0x0000000000000d54                TIM3_IRQHandler
 .text.TIM4_IRQHandler
                0x0000000000000d66       0x10 ./user/ch32v20x_it.o
                0x0000000000000d66                TIM4_IRQHandler
 .text.EXTI2_IRQHandler
                0x0000000000000d76       0x12 ./user/ch32v20x_it.o
                0x0000000000000d76                EXTI2_IRQHandler
 .text.USART1_IRQHandler
                0x0000000000000d88      0x132 ./user/ch32v20x_it.o
                0x0000000000000d88                USART1_IRQHandler
 .text.NMI_Handler
                0x0000000000000eba        0x4 ./user/ch32v20x_it.o
                0x0000000000000eba                NMI_Handler
 .text.HardFault_Handler
                0x0000000000000ebe        0x4 ./user/ch32v20x_it.o
                0x0000000000000ebe                HardFault_Handler
 .text.startup.main
                0x0000000000000ec2       0x6a ./user/main.o
                0x0000000000000ec2                main
 .text.SystemInit
                0x0000000000000f2c       0xac ./user/system_ch32v20x.o
                0x0000000000000f2c                SystemInit
 .text.opama_callback
                0x0000000000000fd8       0x58 ./BLDC_c/control.o
                0x0000000000000fd8                opama_callback
 .text.commutation_and_degauss_callback
                0x0000000000001030       0xc4 ./BLDC_c/control.o
                0x0000000000001030                commutation_and_degauss_callback
 .text.pit_init
                0x00000000000010f4       0x42 ./BLDC_c/control.o
                0x00000000000010f4                pit_init
 .text.advance_commutation_count_init
                0x0000000000001136       0x76 ./BLDC_c/control.o
                0x0000000000001136                advance_commutation_count_init
 .text.commutation_time_count_init
                0x00000000000011ac       0x7a ./BLDC_c/control.o
                0x00000000000011ac                commutation_time_count_init
 .text.motor_brake
                0x0000000000001226       0x90 ./BLDC_c/control.o
                0x0000000000001226                motor_brake
 .text.pit_callback
                0x00000000000012b6      0x368 ./BLDC_c/control.o
                0x00000000000012b6                pit_callback
 .text.led_run_control
                0x000000000000161e       0x16 ./BLDC_c/led.o
                0x000000000000161e                led_run_control
 .text.led_err_control
                0x0000000000001634       0x16 ./BLDC_c/led.o
                0x0000000000001634                led_err_control
 .text.led_init
                0x000000000000164a       0x4e ./BLDC_c/led.o
                0x000000000000164a                led_init
 .text.enable_opama_interrupts
                0x0000000000001698       0x12 ./BLDC_c/opma.o
                0x0000000000001698                enable_opama_interrupts
 .text.disable_opama_interrupts
                0x00000000000016aa       0x14 ./BLDC_c/opma.o
                0x00000000000016aa                disable_opama_interrupts
 .text.opama_init
                0x00000000000016be       0x66 ./BLDC_c/opma.o
                0x00000000000016be                opama_init
 .text.pa2_exit_init
                0x0000000000001724       0x46 ./BLDC_c/opma.o
                0x0000000000001724                pa2_exit_init
 .text.pwm_duty_update
                0x000000000000176a       0x2a ./BLDC_c/pwm_output.o
                0x000000000000176a                pwm_duty_update
 .text.pwm_a_bn_output
                0x0000000000001794       0x8a ./BLDC_c/pwm_output.o
                0x0000000000001794                pwm_a_bn_output
 .text.pwm_a_cn_output
                0x000000000000181e       0x8a ./BLDC_c/pwm_output.o
                0x000000000000181e                pwm_a_cn_output
 .text.pwm_b_cn_output
                0x00000000000018a8       0x8a ./BLDC_c/pwm_output.o
                0x00000000000018a8                pwm_b_cn_output
 .text.pwm_b_an_output
                0x0000000000001932       0x8a ./BLDC_c/pwm_output.o
                0x0000000000001932                pwm_b_an_output
 .text.pwm_c_an_output
                0x00000000000019bc       0x8e ./BLDC_c/pwm_output.o
                0x00000000000019bc                pwm_c_an_output
 .text.pwm_c_bn_output
                0x0000000000001a4a       0x8e ./BLDC_c/pwm_output.o
                0x0000000000001a4a                pwm_c_bn_output
 .text.pwm_an_bn_cn_off
                0x0000000000001ad8       0x90 ./BLDC_c/pwm_output.o
                0x0000000000001ad8                pwm_an_bn_cn_off
 .text.motor_commutation_execute
                0x0000000000001b68       0x34 ./BLDC_c/pwm_output.o
                0x0000000000001b68                motor_commutation_execute
 .text.motor_next_step
                0x0000000000001b9c       0xb2 ./BLDC_c/pwm_output.o
                0x0000000000001b9c                motor_next_step
 .text.motor_next_step_fan
                0x0000000000001c4e       0xb0 ./BLDC_c/pwm_output.o
                0x0000000000001c4e                motor_next_step_fan
 .text.pwm_complementary_init
                0x0000000000001cfe      0x236 ./BLDC_c/pwm_output.o
                0x0000000000001cfe                pwm_complementary_init
 .text.usart_init
                0x0000000000001f34       0x9e ./BLDC_c/usart.o
                0x0000000000001f34                usart_init
 .text.uart_write_byte
                0x0000000000001fd2       0x14 ./BLDC_c/usart.o
                0x0000000000001fd2                uart_write_byte
 .text.__adddf3
                0x0000000000001fe6      0x6e8 f:/mounriver/mounriver_studio/toolchain/risc-v embedded gcc12/bin/../lib/gcc/riscv-none-elf/12.2.0/rv32imac_xw/ilp32\libgcc.a(adddf3.o)
                0x0000000000001fe6                __adddf3
 .text.__muldf3
                0x00000000000026ce      0x546 f:/mounriver/mounriver_studio/toolchain/risc-v embedded gcc12/bin/../lib/gcc/riscv-none-elf/12.2.0/rv32imac_xw/ilp32\libgcc.a(muldf3.o)
                0x00000000000026ce                __muldf3
 .text.__fixdfsi
                0x0000000000002c14       0x66 f:/mounriver/mounriver_studio/toolchain/risc-v embedded gcc12/bin/../lib/gcc/riscv-none-elf/12.2.0/rv32imac_xw/ilp32\libgcc.a(fixdfsi.o)
                0x0000000000002c14                __fixdfsi
 .text.__floatsidf
                0x0000000000002c7a       0x6e f:/mounriver/mounriver_studio/toolchain/risc-v embedded gcc12/bin/../lib/gcc/riscv-none-elf/12.2.0/rv32imac_xw/ilp32\libgcc.a(floatsidf.o)
                0x0000000000002c7a                __floatsidf
 .text.__divsf3
                0x0000000000002ce8      0x2e6 f:/mounriver/mounriver_studio/toolchain/risc-v embedded gcc12/bin/../lib/gcc/riscv-none-elf/12.2.0/rv32imac_xw/ilp32\libgcc.a(divsf3.o)
                0x0000000000002ce8                __divsf3
 .text.__lesf2  0x0000000000002fce       0x98 f:/mounriver/mounriver_studio/toolchain/risc-v embedded gcc12/bin/../lib/gcc/riscv-none-elf/12.2.0/rv32imac_xw/ilp32\libgcc.a(lesf2.o)
                0x0000000000002fce                __ltsf2
                0x0000000000002fce                __lesf2
 .text.__floatsisf
                0x0000000000003066       0xcc f:/mounriver/mounriver_studio/toolchain/risc-v embedded gcc12/bin/../lib/gcc/riscv-none-elf/12.2.0/rv32imac_xw/ilp32\libgcc.a(floatsisf.o)
                0x0000000000003066                __floatsisf
 .text.__floatunsisf
                0x0000000000003132       0xbc f:/mounriver/mounriver_studio/toolchain/risc-v embedded gcc12/bin/../lib/gcc/riscv-none-elf/12.2.0/rv32imac_xw/ilp32\libgcc.a(floatunsisf.o)
                0x0000000000003132                __floatunsisf
 .text.__clzsi2
                0x00000000000031ee       0x68 f:/mounriver/mounriver_studio/toolchain/risc-v embedded gcc12/bin/../lib/gcc/riscv-none-elf/12.2.0/rv32imac_xw/ilp32\libgcc.a(_clzsi2.o)
                0x00000000000031ee                __clzsi2
 .text.rand     0x0000000000003256       0x9c f:/mounriver/mounriver_studio/toolchain/risc-v embedded gcc12/bin/../lib/gcc/riscv-none-elf/12.2.0/../../../../riscv-none-elf/lib/rv32imac_xw/ilp32\libg_nano.a(lib_a-rand.o)
                0x0000000000003256                rand
 .text.__assert_func
                0x00000000000032f2       0x38 f:/mounriver/mounriver_studio/toolchain/risc-v embedded gcc12/bin/../lib/gcc/riscv-none-elf/12.2.0/../../../../riscv-none-elf/lib/rv32imac_xw/ilp32\libg_nano.a(lib_a-assert.o)
                0x00000000000032f2                __assert_func
 .text.fprintf  0x000000000000332a       0x24 f:/mounriver/mounriver_studio/toolchain/risc-v embedded gcc12/bin/../lib/gcc/riscv-none-elf/12.2.0/../../../../riscv-none-elf/lib/rv32imac_xw/ilp32\libg_nano.a(lib_a-fprintf.o)
                0x000000000000332a                fiprintf
                0x000000000000332a                fprintf
 .text.malloc   0x000000000000334e        0x8 f:/mounriver/mounriver_studio/toolchain/risc-v embedded gcc12/bin/../lib/gcc/riscv-none-elf/12.2.0/../../../../riscv-none-elf/lib/rv32imac_xw/ilp32\libg_nano.a(lib_a-malloc.o)
                0x000000000000334e                malloc
 .text._free_r  0x0000000000003356       0xa2 f:/mounriver/mounriver_studio/toolchain/risc-v embedded gcc12/bin/../lib/gcc/riscv-none-elf/12.2.0/../../../../riscv-none-elf/lib/rv32imac_xw/ilp32\libg_nano.a(lib_a-nano-freer.o)
                0x0000000000003356                _free_r
 .text.sbrk_aligned
                0x00000000000033f8       0x54 f:/mounriver/mounriver_studio/toolchain/risc-v embedded gcc12/bin/../lib/gcc/riscv-none-elf/12.2.0/../../../../riscv-none-elf/lib/rv32imac_xw/ilp32\libg_nano.a(lib_a-nano-mallocr.o)
 .text._malloc_r
                0x000000000000344c      0x10e f:/mounriver/mounriver_studio/toolchain/risc-v embedded gcc12/bin/../lib/gcc/riscv-none-elf/12.2.0/../../../../riscv-none-elf/lib/rv32imac_xw/ilp32\libg_nano.a(lib_a-nano-mallocr.o)
                0x000000000000344c                _malloc_r
 .text.__sfputc_r
                0x000000000000355a       0x26 f:/mounriver/mounriver_studio/toolchain/risc-v embedded gcc12/bin/../lib/gcc/riscv-none-elf/12.2.0/../../../../riscv-none-elf/lib/rv32imac_xw/ilp32\libg_nano.a(lib_a-nano-vfprintf.o)
 .text.__sfputs_r
                0x0000000000003580       0x40 f:/mounriver/mounriver_studio/toolchain/risc-v embedded gcc12/bin/../lib/gcc/riscv-none-elf/12.2.0/../../../../riscv-none-elf/lib/rv32imac_xw/ilp32\libg_nano.a(lib_a-nano-vfprintf.o)
                0x0000000000003580                __sfputs_r
 .text._vfprintf_r
                0x00000000000035c0      0x2c0 f:/mounriver/mounriver_studio/toolchain/risc-v embedded gcc12/bin/../lib/gcc/riscv-none-elf/12.2.0/../../../../riscv-none-elf/lib/rv32imac_xw/ilp32\libg_nano.a(lib_a-nano-vfprintf.o)
                0x00000000000035c0                _vfprintf_r
                0x00000000000035c0                _vfiprintf_r
 .text._sbrk_r  0x0000000000003880       0x28 f:/mounriver/mounriver_studio/toolchain/risc-v embedded gcc12/bin/../lib/gcc/riscv-none-elf/12.2.0/../../../../riscv-none-elf/lib/rv32imac_xw/ilp32\libg_nano.a(lib_a-sbrkr.o)
                0x0000000000003880                _sbrk_r
 .text.__swbuf_r
                0x00000000000038a8       0xbc f:/mounriver/mounriver_studio/toolchain/risc-v embedded gcc12/bin/../lib/gcc/riscv-none-elf/12.2.0/../../../../riscv-none-elf/lib/rv32imac_xw/ilp32\libg_nano.a(lib_a-wbuf.o)
                0x00000000000038a8                __swbuf_r
 .text.__swsetup_r
                0x0000000000003964       0xf0 f:/mounriver/mounriver_studio/toolchain/risc-v embedded gcc12/bin/../lib/gcc/riscv-none-elf/12.2.0/../../../../riscv-none-elf/lib/rv32imac_xw/ilp32\libg_nano.a(lib_a-wsetup.o)
                0x0000000000003964                __swsetup_r
 .text.abort    0x0000000000003a54       0x10 f:/mounriver/mounriver_studio/toolchain/risc-v embedded gcc12/bin/../lib/gcc/riscv-none-elf/12.2.0/../../../../riscv-none-elf/lib/rv32imac_xw/ilp32\libg_nano.a(lib_a-abort.o)
                0x0000000000003a54                abort
 .text.__sflush_r
                0x0000000000003a64      0x134 f:/mounriver/mounriver_studio/toolchain/risc-v embedded gcc12/bin/../lib/gcc/riscv-none-elf/12.2.0/../../../../riscv-none-elf/lib/rv32imac_xw/ilp32\libg_nano.a(lib_a-fflush.o)
                0x0000000000003a64                __sflush_r
 .text._fflush_r
                0x0000000000003b98       0x86 f:/mounriver/mounriver_studio/toolchain/risc-v embedded gcc12/bin/../lib/gcc/riscv-none-elf/12.2.0/../../../../riscv-none-elf/lib/rv32imac_xw/ilp32\libg_nano.a(lib_a-fflush.o)
                0x0000000000003b98                _fflush_r
 .text.std      0x0000000000003c1e       0x66 f:/mounriver/mounriver_studio/toolchain/risc-v embedded gcc12/bin/../lib/gcc/riscv-none-elf/12.2.0/../../../../riscv-none-elf/lib/rv32imac_xw/ilp32\libg_nano.a(lib_a-findfp.o)
 .text._cleanup_r
                0x0000000000003c84        0xa f:/mounriver/mounriver_studio/toolchain/risc-v embedded gcc12/bin/../lib/gcc/riscv-none-elf/12.2.0/../../../../riscv-none-elf/lib/rv32imac_xw/ilp32\libg_nano.a(lib_a-findfp.o)
                0x0000000000003c84                _cleanup_r
 .text.__sfmoreglue
                0x0000000000003c8e       0x48 f:/mounriver/mounriver_studio/toolchain/risc-v embedded gcc12/bin/../lib/gcc/riscv-none-elf/12.2.0/../../../../riscv-none-elf/lib/rv32imac_xw/ilp32\libg_nano.a(lib_a-findfp.o)
                0x0000000000003c8e                __sfmoreglue
 .text.__sfp_lock_acquire
                0x0000000000003cd6        0x6 f:/mounriver/mounriver_studio/toolchain/risc-v embedded gcc12/bin/../lib/gcc/riscv-none-elf/12.2.0/../../../../riscv-none-elf/lib/rv32imac_xw/ilp32\libg_nano.a(lib_a-findfp.o)
                0x0000000000003cd6                __sfp_lock_acquire
 .text.__sfp_lock_release
                0x0000000000003cdc        0x6 f:/mounriver/mounriver_studio/toolchain/risc-v embedded gcc12/bin/../lib/gcc/riscv-none-elf/12.2.0/../../../../riscv-none-elf/lib/rv32imac_xw/ilp32\libg_nano.a(lib_a-findfp.o)
                0x0000000000003cdc                __sfp_lock_release
 .text.__sinit_lock_acquire
                0x0000000000003ce2        0x6 f:/mounriver/mounriver_studio/toolchain/risc-v embedded gcc12/bin/../lib/gcc/riscv-none-elf/12.2.0/../../../../riscv-none-elf/lib/rv32imac_xw/ilp32\libg_nano.a(lib_a-findfp.o)
                0x0000000000003ce2                __sinit_lock_acquire
 .text.__sinit_lock_release
                0x0000000000003ce8        0x6 f:/mounriver/mounriver_studio/toolchain/risc-v embedded gcc12/bin/../lib/gcc/riscv-none-elf/12.2.0/../../../../riscv-none-elf/lib/rv32imac_xw/ilp32\libg_nano.a(lib_a-findfp.o)
                0x0000000000003ce8                __sinit_lock_release
 .text.__sinit  0x0000000000003cee       0x68 f:/mounriver/mounriver_studio/toolchain/risc-v embedded gcc12/bin/../lib/gcc/riscv-none-elf/12.2.0/../../../../riscv-none-elf/lib/rv32imac_xw/ilp32\libg_nano.a(lib_a-findfp.o)
                0x0000000000003cee                __sinit
 .text.__sfp    0x0000000000003d56       0xa6 f:/mounriver/mounriver_studio/toolchain/risc-v embedded gcc12/bin/../lib/gcc/riscv-none-elf/12.2.0/../../../../riscv-none-elf/lib/rv32imac_xw/ilp32\libg_nano.a(lib_a-findfp.o)
                0x0000000000003d56                __sfp
 .text._fwalk_reent
                0x0000000000003dfc       0x68 f:/mounriver/mounriver_studio/toolchain/risc-v embedded gcc12/bin/../lib/gcc/riscv-none-elf/12.2.0/../../../../riscv-none-elf/lib/rv32imac_xw/ilp32\libg_nano.a(lib_a-fwalk.o)
                0x0000000000003dfc                _fwalk_reent
 .text.__retarget_lock_init_recursive
                0x0000000000003e64        0x2 f:/mounriver/mounriver_studio/toolchain/risc-v embedded gcc12/bin/../lib/gcc/riscv-none-elf/12.2.0/../../../../riscv-none-elf/lib/rv32imac_xw/ilp32\libg_nano.a(lib_a-lock.o)
                0x0000000000003e64                __retarget_lock_init_recursive
 .text.__retarget_lock_acquire_recursive
                0x0000000000003e66        0x2 f:/mounriver/mounriver_studio/toolchain/risc-v embedded gcc12/bin/../lib/gcc/riscv-none-elf/12.2.0/../../../../riscv-none-elf/lib/rv32imac_xw/ilp32\libg_nano.a(lib_a-lock.o)
                0x0000000000003e66                __retarget_lock_acquire_recursive
 .text.__retarget_lock_release_recursive
                0x0000000000003e68        0x2 f:/mounriver/mounriver_studio/toolchain/risc-v embedded gcc12/bin/../lib/gcc/riscv-none-elf/12.2.0/../../../../riscv-none-elf/lib/rv32imac_xw/ilp32\libg_nano.a(lib_a-lock.o)
                0x0000000000003e68                __retarget_lock_release_recursive
 .text.__swhatbuf_r
                0x0000000000003e6a       0x58 f:/mounriver/mounriver_studio/toolchain/risc-v embedded gcc12/bin/../lib/gcc/riscv-none-elf/12.2.0/../../../../riscv-none-elf/lib/rv32imac_xw/ilp32\libg_nano.a(lib_a-makebuf.o)
                0x0000000000003e6a                __swhatbuf_r
 .text.__smakebuf_r
                0x0000000000003ec2       0x94 f:/mounriver/mounriver_studio/toolchain/risc-v embedded gcc12/bin/../lib/gcc/riscv-none-elf/12.2.0/../../../../riscv-none-elf/lib/rv32imac_xw/ilp32\libg_nano.a(lib_a-makebuf.o)
                0x0000000000003ec2                __smakebuf_r
 .text.memchr   0x0000000000003f56       0x18 f:/mounriver/mounriver_studio/toolchain/risc-v embedded gcc12/bin/../lib/gcc/riscv-none-elf/12.2.0/../../../../riscv-none-elf/lib/rv32imac_xw/ilp32\libg_nano.a(lib_a-memchr.o)
                0x0000000000003f56                memchr
 .text.__malloc_lock
                0x0000000000003f6e        0x6 f:/mounriver/mounriver_studio/toolchain/risc-v embedded gcc12/bin/../lib/gcc/riscv-none-elf/12.2.0/../../../../riscv-none-elf/lib/rv32imac_xw/ilp32\libg_nano.a(lib_a-mlock.o)
                0x0000000000003f6e                __malloc_lock
 .text.__malloc_unlock
                0x0000000000003f74        0x6 f:/mounriver/mounriver_studio/toolchain/risc-v embedded gcc12/bin/../lib/gcc/riscv-none-elf/12.2.0/../../../../riscv-none-elf/lib/rv32imac_xw/ilp32\libg_nano.a(lib_a-mlock.o)
                0x0000000000003f74                __malloc_unlock
 .text._printf_common
                0x0000000000003f7a      0x110 f:/mounriver/mounriver_studio/toolchain/risc-v embedded gcc12/bin/../lib/gcc/riscv-none-elf/12.2.0/../../../../riscv-none-elf/lib/rv32imac_xw/ilp32\libg_nano.a(lib_a-nano-vfprintf_i.o)
                0x0000000000003f7a                _printf_common
 .text._printf_i
                0x000000000000408a      0x27a f:/mounriver/mounriver_studio/toolchain/risc-v embedded gcc12/bin/../lib/gcc/riscv-none-elf/12.2.0/../../../../riscv-none-elf/lib/rv32imac_xw/ilp32\libg_nano.a(lib_a-nano-vfprintf_i.o)
                0x000000000000408a                _printf_i
 .text._raise_r
                0x0000000000004304       0x60 f:/mounriver/mounriver_studio/toolchain/risc-v embedded gcc12/bin/../lib/gcc/riscv-none-elf/12.2.0/../../../../riscv-none-elf/lib/rv32imac_xw/ilp32\libg_nano.a(lib_a-signal.o)
                0x0000000000004304                _raise_r
 .text.raise    0x0000000000004364        0x8 f:/mounriver/mounriver_studio/toolchain/risc-v embedded gcc12/bin/../lib/gcc/riscv-none-elf/12.2.0/../../../../riscv-none-elf/lib/rv32imac_xw/ilp32\libg_nano.a(lib_a-signal.o)
                0x0000000000004364                raise
 .text._kill_r  0x000000000000436c       0x28 f:/mounriver/mounriver_studio/toolchain/risc-v embedded gcc12/bin/../lib/gcc/riscv-none-elf/12.2.0/../../../../riscv-none-elf/lib/rv32imac_xw/ilp32\libg_nano.a(lib_a-signalr.o)
                0x000000000000436c                _kill_r
 .text._getpid_r
                0x0000000000004394        0x2 f:/mounriver/mounriver_studio/toolchain/risc-v embedded gcc12/bin/../lib/gcc/riscv-none-elf/12.2.0/../../../../riscv-none-elf/lib/rv32imac_xw/ilp32\libg_nano.a(lib_a-signalr.o)
                0x0000000000004394                _getpid_r
 .text.__sread  0x0000000000004396       0x2c f:/mounriver/mounriver_studio/toolchain/risc-v embedded gcc12/bin/../lib/gcc/riscv-none-elf/12.2.0/../../../../riscv-none-elf/lib/rv32imac_xw/ilp32\libg_nano.a(lib_a-stdio.o)
                0x0000000000004396                __sread
 .text.__swrite
                0x00000000000043c2       0x48 f:/mounriver/mounriver_studio/toolchain/risc-v embedded gcc12/bin/../lib/gcc/riscv-none-elf/12.2.0/../../../../riscv-none-elf/lib/rv32imac_xw/ilp32\libg_nano.a(lib_a-stdio.o)
                0x00000000000043c2                __swrite
 .text.__sseek  0x000000000000440a       0x30 f:/mounriver/mounriver_studio/toolchain/risc-v embedded gcc12/bin/../lib/gcc/riscv-none-elf/12.2.0/../../../../riscv-none-elf/lib/rv32imac_xw/ilp32\libg_nano.a(lib_a-stdio.o)
                0x000000000000440a                __sseek
 .text.__sclose
                0x000000000000443a        0x6 f:/mounriver/mounriver_studio/toolchain/risc-v embedded gcc12/bin/../lib/gcc/riscv-none-elf/12.2.0/../../../../riscv-none-elf/lib/rv32imac_xw/ilp32\libg_nano.a(lib_a-stdio.o)
                0x000000000000443a                __sclose
 .text._write_r
                0x0000000000004440       0x2c f:/mounriver/mounriver_studio/toolchain/risc-v embedded gcc12/bin/../lib/gcc/riscv-none-elf/12.2.0/../../../../riscv-none-elf/lib/rv32imac_xw/ilp32\libg_nano.a(lib_a-writer.o)
                0x0000000000004440                _write_r
 .text._close_r
                0x000000000000446c       0x26 f:/mounriver/mounriver_studio/toolchain/risc-v embedded gcc12/bin/../lib/gcc/riscv-none-elf/12.2.0/../../../../riscv-none-elf/lib/rv32imac_xw/ilp32\libg_nano.a(lib_a-closer.o)
                0x000000000000446c                _close_r
 .text._fstat_r
                0x0000000000004492       0x28 f:/mounriver/mounriver_studio/toolchain/risc-v embedded gcc12/bin/../lib/gcc/riscv-none-elf/12.2.0/../../../../riscv-none-elf/lib/rv32imac_xw/ilp32\libg_nano.a(lib_a-fstatr.o)
                0x0000000000004492                _fstat_r
 .text._isatty_r
                0x00000000000044ba       0x26 f:/mounriver/mounriver_studio/toolchain/risc-v embedded gcc12/bin/../lib/gcc/riscv-none-elf/12.2.0/../../../../riscv-none-elf/lib/rv32imac_xw/ilp32\libg_nano.a(lib_a-isattyr.o)
                0x00000000000044ba                _isatty_r
 .text._lseek_r
                0x00000000000044e0       0x2a f:/mounriver/mounriver_studio/toolchain/risc-v embedded gcc12/bin/../lib/gcc/riscv-none-elf/12.2.0/../../../../riscv-none-elf/lib/rv32imac_xw/ilp32\libg_nano.a(lib_a-lseekr.o)
                0x00000000000044e0                _lseek_r
 .text._read_r  0x000000000000450a       0x2a f:/mounriver/mounriver_studio/toolchain/risc-v embedded gcc12/bin/../lib/gcc/riscv-none-elf/12.2.0/../../../../riscv-none-elf/lib/rv32imac_xw/ilp32\libg_nano.a(lib_a-readr.o)
                0x000000000000450a                _read_r
 .text._close   0x0000000000004534        0xc f:/mounriver/mounriver_studio/toolchain/risc-v embedded gcc12/bin/../lib/gcc/riscv-none-elf/12.2.0/../../../../riscv-none-elf/lib/rv32imac_xw/ilp32\libnosys.a(close.o)
                0x0000000000004534                _close
 .text._fstat   0x0000000000004540        0xc f:/mounriver/mounriver_studio/toolchain/risc-v embedded gcc12/bin/../lib/gcc/riscv-none-elf/12.2.0/../../../../riscv-none-elf/lib/rv32imac_xw/ilp32\libnosys.a(fstat.o)
                0x0000000000004540                _fstat
 .text._getpid  0x000000000000454c        0xc f:/mounriver/mounriver_studio/toolchain/risc-v embedded gcc12/bin/../lib/gcc/riscv-none-elf/12.2.0/../../../../riscv-none-elf/lib/rv32imac_xw/ilp32\libnosys.a(getpid.o)
                0x000000000000454c                _getpid
 .text._isatty  0x0000000000004558        0xc f:/mounriver/mounriver_studio/toolchain/risc-v embedded gcc12/bin/../lib/gcc/riscv-none-elf/12.2.0/../../../../riscv-none-elf/lib/rv32imac_xw/ilp32\libnosys.a(isatty.o)
                0x0000000000004558                _isatty
 .text._kill    0x0000000000004564        0xc f:/mounriver/mounriver_studio/toolchain/risc-v embedded gcc12/bin/../lib/gcc/riscv-none-elf/12.2.0/../../../../riscv-none-elf/lib/rv32imac_xw/ilp32\libnosys.a(kill.o)
                0x0000000000004564                _kill
 .text._lseek   0x0000000000004570        0xc f:/mounriver/mounriver_studio/toolchain/risc-v embedded gcc12/bin/../lib/gcc/riscv-none-elf/12.2.0/../../../../riscv-none-elf/lib/rv32imac_xw/ilp32\libnosys.a(lseek.o)
                0x0000000000004570                _lseek
 .text._read    0x000000000000457c        0xc f:/mounriver/mounriver_studio/toolchain/risc-v embedded gcc12/bin/../lib/gcc/riscv-none-elf/12.2.0/../../../../riscv-none-elf/lib/rv32imac_xw/ilp32\libnosys.a(read.o)
                0x000000000000457c                _read
 .text._exit    0x0000000000004588        0x2 f:/mounriver/mounriver_studio/toolchain/risc-v embedded gcc12/bin/../lib/gcc/riscv-none-elf/12.2.0/../../../../riscv-none-elf/lib/rv32imac_xw/ilp32\libnosys.a(_exit.o)
                0x0000000000004588                _exit
 *(.rodata)
 *(.rodata*)
 *fill*         0x000000000000458a        0x2 
 .rodata.pit_callback
                0x000000000000458c       0x24 ./BLDC_c/control.o
 .rodata.motor_commutation_execute
                0x00000000000045b0       0x18 ./BLDC_c/pwm_output.o
 .rodata.__divsf3
                0x00000000000045c8       0xa8 f:/mounriver/mounriver_studio/toolchain/risc-v embedded gcc12/bin/../lib/gcc/riscv-none-elf/12.2.0/rv32imac_xw/ilp32\libgcc.a(divsf3.o)
 .rodata.__clz_tab
                0x0000000000004670      0x100 f:/mounriver/mounriver_studio/toolchain/risc-v embedded gcc12/bin/../lib/gcc/riscv-none-elf/12.2.0/rv32imac_xw/ilp32\libgcc.a(_clz.o)
                0x0000000000004670                __clz_tab
 .rodata.srand.str1.4
                0x0000000000004770       0x8c f:/mounriver/mounriver_studio/toolchain/risc-v embedded gcc12/bin/../lib/gcc/riscv-none-elf/12.2.0/../../../../riscv-none-elf/lib/rv32imac_xw/ilp32\libg_nano.a(lib_a-rand.o)
 .rodata.__assert_func.str1.4
                0x00000000000047fc       0x3f f:/mounriver/mounriver_studio/toolchain/risc-v embedded gcc12/bin/../lib/gcc/riscv-none-elf/12.2.0/../../../../riscv-none-elf/lib/rv32imac_xw/ilp32\libg_nano.a(lib_a-assert.o)
                                         0x43 (size before relaxing)
 *fill*         0x000000000000483b        0x1 
 .rodata._vfprintf_r.str1.4
                0x000000000000483c       0x13 f:/mounriver/mounriver_studio/toolchain/risc-v embedded gcc12/bin/../lib/gcc/riscv-none-elf/12.2.0/../../../../riscv-none-elf/lib/rv32imac_xw/ilp32\libg_nano.a(lib_a-nano-vfprintf.o)
 *fill*         0x000000000000484f        0x1 
 .rodata.__sf_fake_stderr
                0x0000000000004850       0x20 f:/mounriver/mounriver_studio/toolchain/risc-v embedded gcc12/bin/../lib/gcc/riscv-none-elf/12.2.0/../../../../riscv-none-elf/lib/rv32imac_xw/ilp32\libg_nano.a(lib_a-findfp.o)
                0x0000000000004850                __sf_fake_stderr
 .rodata.__sf_fake_stdout
                0x0000000000004870       0x20 f:/mounriver/mounriver_studio/toolchain/risc-v embedded gcc12/bin/../lib/gcc/riscv-none-elf/12.2.0/../../../../riscv-none-elf/lib/rv32imac_xw/ilp32\libg_nano.a(lib_a-findfp.o)
                0x0000000000004870                __sf_fake_stdout
 .rodata.__sf_fake_stdin
                0x0000000000004890       0x20 f:/mounriver/mounriver_studio/toolchain/risc-v embedded gcc12/bin/../lib/gcc/riscv-none-elf/12.2.0/../../../../riscv-none-elf/lib/rv32imac_xw/ilp32\libg_nano.a(lib_a-findfp.o)
                0x0000000000004890                __sf_fake_stdin
 .rodata._printf_i.str1.4
                0x00000000000048b0       0x25 f:/mounriver/mounriver_studio/toolchain/risc-v embedded gcc12/bin/../lib/gcc/riscv-none-elf/12.2.0/../../../../riscv-none-elf/lib/rv32imac_xw/ilp32\libg_nano.a(lib_a-nano-vfprintf_i.o)
 *fill*         0x00000000000048d5        0x3 
 .rodata._printf_i
                0x00000000000048d8       0x58 f:/mounriver/mounriver_studio/toolchain/risc-v embedded gcc12/bin/../lib/gcc/riscv-none-elf/12.2.0/../../../../riscv-none-elf/lib/rv32imac_xw/ilp32\libg_nano.a(lib_a-nano-vfprintf_i.o)
 *(.glue_7)
 *(.glue_7t)
 *(.gnu.linkonce.t.*)
                0x0000000000004930                . = ALIGN (0x4)

.rela.dyn       0x0000000000004930        0x0
 .rela.init     0x0000000000004930        0x0 ./wch_sdk/Startup/startup_ch32v20x_D6.o
 .rela.vector   0x0000000000004930        0x0 ./wch_sdk/Startup/startup_ch32v20x_D6.o
 .rela.text.handle_reset
                0x0000000000004930        0x0 ./wch_sdk/Startup/startup_ch32v20x_D6.o
 .rela.text._sbrk
                0x0000000000004930        0x0 ./wch_sdk/Startup/startup_ch32v20x_D6.o
 .rela.sdata.curbrk.0
                0x0000000000004930        0x0 ./wch_sdk/Startup/startup_ch32v20x_D6.o
 .rela.text._vfprintf_r
                0x0000000000004930        0x0 ./wch_sdk/Startup/startup_ch32v20x_D6.o

.fini           0x0000000000004930        0x0
 *(SORT_NONE(.fini))
                0x0000000000004930                . = ALIGN (0x4)
                [!provide]                        PROVIDE (_etext = .)
                [!provide]                        PROVIDE (_eitcm = .)

.preinit_array  0x0000000000004930        0x0
                [!provide]                        PROVIDE (__preinit_array_start = .)
 *(.preinit_array)
                [!provide]                        PROVIDE (__preinit_array_end = .)

.init_array     0x0000000000004930        0x0
                [!provide]                        PROVIDE (__init_array_start = .)
 *(SORT_BY_INIT_PRIORITY(.init_array.*) SORT_BY_INIT_PRIORITY(.ctors.*))
 *(.init_array EXCLUDE_FILE(*crtend?.o *crtend.o *crtbegin?.o *crtbegin.o) .ctors)
                [!provide]                        PROVIDE (__init_array_end = .)

.fini_array     0x0000000000004930        0x0
                [!provide]                        PROVIDE (__fini_array_start = .)
 *(SORT_BY_INIT_PRIORITY(.fini_array.*) SORT_BY_INIT_PRIORITY(.dtors.*))
 *(.fini_array EXCLUDE_FILE(*crtend?.o *crtend.o *crtbegin?.o *crtbegin.o) .dtors)
                [!provide]                        PROVIDE (__fini_array_end = .)

.ctors
 *crtbegin.o(.ctors)
 *crtbegin?.o(.ctors)
 *(EXCLUDE_FILE(*crtend?.o *crtend.o) .ctors)
 *(SORT_BY_NAME(.ctors.*))
 *(.ctors)

.dtors
 *crtbegin.o(.dtors)
 *crtbegin?.o(.dtors)
 *(EXCLUDE_FILE(*crtend?.o *crtend.o) .dtors)
 *(SORT_BY_NAME(.dtors.*))
 *(.dtors)

.dalign         0x0000000020000000        0x0 load address 0x0000000000004930
                0x0000000020000000                . = ALIGN (0x4)
                0x0000000020000000                PROVIDE (_data_vma = .)

.dlalign        0x0000000000004930        0x0
                0x0000000000004930                . = ALIGN (0x4)
                0x0000000000004930                PROVIDE (_data_lma = .)

.data           0x0000000020000000       0x98 load address 0x0000000000004930
 *(.gnu.linkonce.r.*)
 *(.data .data.*)
 .data.APBAHBPrescTable
                0x0000000020000000       0x10 ./wch_sdk/Peripheral/src/ch32v20x_rcc.o
 .data.impure_data
                0x0000000020000010       0x60 f:/mounriver/mounriver_studio/toolchain/risc-v embedded gcc12/bin/../lib/gcc/riscv-none-elf/12.2.0/../../../../riscv-none-elf/lib/rv32imac_xw/ilp32\libg_nano.a(lib_a-impure.o)
 *(.gnu.linkonce.d.*)
                0x0000000020000070                . = ALIGN (0x8)
                0x0000000020000870                PROVIDE (__global_pointer$ = (. + 0x800))
 *(.sdata .sdata.*)
 .sdata.ADCPrescTable
                0x0000000020000070        0x4 ./wch_sdk/Peripheral/src/ch32v20x_rcc.o
 .sdata.curbrk.0
                0x0000000020000074        0x4 ./wch_sdk/Debug/debug.o
 .sdata.SystemCoreClock
                0x0000000020000078        0x4 ./user/system_ch32v20x.o
                0x0000000020000078                SystemCoreClock
 .sdata._impure_ptr
                0x000000002000007c        0x4 f:/mounriver/mounriver_studio/toolchain/risc-v embedded gcc12/bin/../lib/gcc/riscv-none-elf/12.2.0/../../../../riscv-none-elf/lib/rv32imac_xw/ilp32\libg_nano.a(lib_a-impure.o)
                0x000000002000007c                _impure_ptr
 *(.sdata2.*)
 *(.gnu.linkonce.s.*)
                0x0000000020000080                . = ALIGN (0x8)
 *(.srodata.cst16)
 *(.srodata.cst8)
 .srodata.cst8  0x0000000020000080       0x10 ./user/ch32v20x_it.o
 *(.srodata.cst4)
 .srodata.cst4  0x0000000020000090        0x4 ./BLDC_c/control.o
 *(.srodata.cst2)
 *(.srodata .srodata.*)
 .srodata._global_impure_ptr
                0x0000000020000094        0x4 f:/mounriver/mounriver_studio/toolchain/risc-v embedded gcc12/bin/../lib/gcc/riscv-none-elf/12.2.0/../../../../riscv-none-elf/lib/rv32imac_xw/ilp32\libg_nano.a(lib_a-impure.o)
                0x0000000020000094                _global_impure_ptr
                0x0000000020000098                . = ALIGN (0x4)
                0x0000000020000098                PROVIDE (_edata = .)

.bss            0x0000000020000098       0x58 load address 0x00000000000049c8
                0x0000000020000098                . = ALIGN (0x4)
                0x0000000020000098                PROVIDE (_sbss = .)
 *(.sbss*)
 .sbss.MCU_Version
                0x0000000020000098        0x1 ./wch_sdk/Peripheral/src/ch32v20x_gpio.o
                0x0000000020000098                MCU_Version
 *fill*         0x0000000020000099        0x3 
 .sbss.NVIC_Priority_Group
                0x000000002000009c        0x4 ./wch_sdk/Peripheral/src/ch32v20x_misc.o
                0x000000002000009c                NVIC_Priority_Group
 .sbss.point    0x00000000200000a0        0x1 ./user/ch32v20x_it.o
                0x00000000200000a0                point
 *fill*         0x00000000200000a1        0x3 
 .sbss.buff     0x00000000200000a4        0x2 ./user/ch32v20x_it.o
                0x00000000200000a4                buff
 .sbss.rx_date  0x00000000200000a6        0x1 ./user/ch32v20x_it.o
                0x00000000200000a6                rx_date
 .sbss.oled_pin_state.0
                0x00000000200000a7        0x1 ./BLDC_c/control.o
 .sbss.gpio_state.1
                0x00000000200000a8        0x1 ./BLDC_c/control.o
 *fill*         0x00000000200000a9        0x1 
 .sbss.stall_time_out_check.2
                0x00000000200000aa        0x2 ./BLDC_c/control.o
 .sbss.flag_fan
                0x00000000200000ac        0x1 ./BLDC_c/control.o
                0x00000000200000ac                flag_fan
 *fill*         0x00000000200000ad        0x1 
 .sbss.temp_commutation_time
                0x00000000200000ae        0x2 ./BLDC_c/control.o
 .sbss.__malloc_sbrk_start
                0x00000000200000b0        0x4 f:/mounriver/mounriver_studio/toolchain/risc-v embedded gcc12/bin/../lib/gcc/riscv-none-elf/12.2.0/../../../../riscv-none-elf/lib/rv32imac_xw/ilp32\libg_nano.a(lib_a-nano-mallocr.o)
                0x00000000200000b0                __malloc_sbrk_start
 .sbss.__malloc_free_list
                0x00000000200000b4        0x4 f:/mounriver/mounriver_studio/toolchain/risc-v embedded gcc12/bin/../lib/gcc/riscv-none-elf/12.2.0/../../../../riscv-none-elf/lib/rv32imac_xw/ilp32\libg_nano.a(lib_a-nano-mallocr.o)
                0x00000000200000b4                __malloc_free_list
 .sbss.__lock___malloc_recursive_mutex
                0x00000000200000b8        0x1 f:/mounriver/mounriver_studio/toolchain/risc-v embedded gcc12/bin/../lib/gcc/riscv-none-elf/12.2.0/../../../../riscv-none-elf/lib/rv32imac_xw/ilp32\libg_nano.a(lib_a-lock.o)
                0x00000000200000b8                __lock___malloc_recursive_mutex
 *fill*         0x00000000200000b9        0x3 
 .sbss.__lock___sfp_recursive_mutex
                0x00000000200000bc        0x1 f:/mounriver/mounriver_studio/toolchain/risc-v embedded gcc12/bin/../lib/gcc/riscv-none-elf/12.2.0/../../../../riscv-none-elf/lib/rv32imac_xw/ilp32\libg_nano.a(lib_a-lock.o)
                0x00000000200000bc                __lock___sfp_recursive_mutex
 *fill*         0x00000000200000bd        0x3 
 .sbss.__lock___sinit_recursive_mutex
                0x00000000200000c0        0x1 f:/mounriver/mounriver_studio/toolchain/risc-v embedded gcc12/bin/../lib/gcc/riscv-none-elf/12.2.0/../../../../riscv-none-elf/lib/rv32imac_xw/ilp32\libg_nano.a(lib_a-lock.o)
                0x00000000200000c0                __lock___sinit_recursive_mutex
 *fill*         0x00000000200000c1        0x3 
 .sbss.errno    0x00000000200000c4        0x4 f:/mounriver/mounriver_studio/toolchain/risc-v embedded gcc12/bin/../lib/gcc/riscv-none-elf/12.2.0/../../../../riscv-none-elf/lib/rv32imac_xw/ilp32\libg_nano.a(lib_a-reent.o)
                0x00000000200000c4                errno
 *(.gnu.linkonce.sb.*)
 *(.bss*)
 .bss.motor     0x00000000200000c8       0x28 ./BLDC_c/pwm_output.o
                0x00000000200000c8                motor
 *(.gnu.linkonce.b.*)
 *(COMMON*)
                0x00000000200000f0                . = ALIGN (0x4)
                0x00000000200000f0                PROVIDE (_ebss = .)
                0x00000000200000f0                PROVIDE (_end = _ebss)
                [!provide]                        PROVIDE (end = .)

.stack          0x0000000020004800      0x800
                0x0000000020004800                PROVIDE (_heap_end = .)
                0x0000000020004800                . = ALIGN (0x4)
                [!provide]                        PROVIDE (_susrstack = .)
                0x0000000020005000                . = (. + __stack_size)
 *fill*         0x0000000020004800      0x800 
                0x0000000020005000                PROVIDE (_eusrstack = .)
OUTPUT(CH32V203C8T6.elf elf32-littleriscv)

.riscv.attributes
                0x0000000000000000       0x35
 .riscv.attributes
                0x0000000000000000       0x33 ./wch_sdk/Startup/startup_ch32v20x_D6.o
 .riscv.attributes
                0x0000000000000033       0x31 ./wch_sdk/Peripheral/src/ch32v20x_exti.o
 .riscv.attributes
                0x0000000000000064       0x31 ./wch_sdk/Peripheral/src/ch32v20x_gpio.o
 .riscv.attributes
                0x0000000000000095       0x31 ./wch_sdk/Peripheral/src/ch32v20x_misc.o
 .riscv.attributes
                0x00000000000000c6       0x31 ./wch_sdk/Peripheral/src/ch32v20x_rcc.o
 .riscv.attributes
                0x00000000000000f7       0x31 ./wch_sdk/Peripheral/src/ch32v20x_tim.o
 .riscv.attributes
                0x0000000000000128       0x31 ./wch_sdk/Peripheral/src/ch32v20x_usart.o
 .riscv.attributes
                0x0000000000000159       0x31 ./wch_sdk/Debug/debug.o
 .riscv.attributes
                0x000000000000018a       0x35 ./user/ch32v20x_it.o
 .riscv.attributes
                0x00000000000001bf       0x31 ./user/main.o
 .riscv.attributes
                0x00000000000001f0       0x31 ./user/system_ch32v20x.o
 .riscv.attributes
                0x0000000000000221       0x31 ./BLDC_c/control.o
 .riscv.attributes
                0x0000000000000252       0x31 ./BLDC_c/led.o
 .riscv.attributes
                0x0000000000000283       0x31 ./BLDC_c/opma.o
 .riscv.attributes
                0x00000000000002b4       0x31 ./BLDC_c/pwm_output.o
 .riscv.attributes
                0x00000000000002e5       0x31 ./BLDC_c/usart.o
 .riscv.attributes
                0x0000000000000316       0x31 f:/mounriver/mounriver_studio/toolchain/risc-v embedded gcc12/bin/../lib/gcc/riscv-none-elf/12.2.0/rv32imac_xw/ilp32\libgcc.a(adddf3.o)
 .riscv.attributes
                0x0000000000000347       0x31 f:/mounriver/mounriver_studio/toolchain/risc-v embedded gcc12/bin/../lib/gcc/riscv-none-elf/12.2.0/rv32imac_xw/ilp32\libgcc.a(muldf3.o)
 .riscv.attributes
                0x0000000000000378       0x31 f:/mounriver/mounriver_studio/toolchain/risc-v embedded gcc12/bin/../lib/gcc/riscv-none-elf/12.2.0/rv32imac_xw/ilp32\libgcc.a(fixdfsi.o)
 .riscv.attributes
                0x00000000000003a9       0x31 f:/mounriver/mounriver_studio/toolchain/risc-v embedded gcc12/bin/../lib/gcc/riscv-none-elf/12.2.0/rv32imac_xw/ilp32\libgcc.a(floatsidf.o)
 .riscv.attributes
                0x00000000000003da       0x31 f:/mounriver/mounriver_studio/toolchain/risc-v embedded gcc12/bin/../lib/gcc/riscv-none-elf/12.2.0/rv32imac_xw/ilp32\libgcc.a(divsf3.o)
 .riscv.attributes
                0x000000000000040b       0x31 f:/mounriver/mounriver_studio/toolchain/risc-v embedded gcc12/bin/../lib/gcc/riscv-none-elf/12.2.0/rv32imac_xw/ilp32\libgcc.a(lesf2.o)
 .riscv.attributes
                0x000000000000043c       0x31 f:/mounriver/mounriver_studio/toolchain/risc-v embedded gcc12/bin/../lib/gcc/riscv-none-elf/12.2.0/rv32imac_xw/ilp32\libgcc.a(floatsisf.o)
 .riscv.attributes
                0x000000000000046d       0x31 f:/mounriver/mounriver_studio/toolchain/risc-v embedded gcc12/bin/../lib/gcc/riscv-none-elf/12.2.0/rv32imac_xw/ilp32\libgcc.a(floatunsisf.o)
 .riscv.attributes
                0x000000000000049e       0x2f f:/mounriver/mounriver_studio/toolchain/risc-v embedded gcc12/bin/../lib/gcc/riscv-none-elf/12.2.0/rv32imac_xw/ilp32\libgcc.a(save-restore.o)
 .riscv.attributes
                0x00000000000004cd       0x31 f:/mounriver/mounriver_studio/toolchain/risc-v embedded gcc12/bin/../lib/gcc/riscv-none-elf/12.2.0/rv32imac_xw/ilp32\libgcc.a(_clzsi2.o)
 .riscv.attributes
                0x00000000000004fe       0x31 f:/mounriver/mounriver_studio/toolchain/risc-v embedded gcc12/bin/../lib/gcc/riscv-none-elf/12.2.0/rv32imac_xw/ilp32\libgcc.a(_clz.o)
 .riscv.attributes
                0x000000000000052f       0x31 f:/mounriver/mounriver_studio/toolchain/risc-v embedded gcc12/bin/../lib/gcc/riscv-none-elf/12.2.0/../../../../riscv-none-elf/lib/rv32imac_xw/ilp32\libg_nano.a(lib_a-rand.o)
 .riscv.attributes
                0x0000000000000560       0x31 f:/mounriver/mounriver_studio/toolchain/risc-v embedded gcc12/bin/../lib/gcc/riscv-none-elf/12.2.0/../../../../riscv-none-elf/lib/rv32imac_xw/ilp32\libg_nano.a(lib_a-assert.o)
 .riscv.attributes
                0x0000000000000591       0x31 f:/mounriver/mounriver_studio/toolchain/risc-v embedded gcc12/bin/../lib/gcc/riscv-none-elf/12.2.0/../../../../riscv-none-elf/lib/rv32imac_xw/ilp32\libg_nano.a(lib_a-fprintf.o)
 .riscv.attributes
                0x00000000000005c2       0x31 f:/mounriver/mounriver_studio/toolchain/risc-v embedded gcc12/bin/../lib/gcc/riscv-none-elf/12.2.0/../../../../riscv-none-elf/lib/rv32imac_xw/ilp32\libg_nano.a(lib_a-impure.o)
 .riscv.attributes
                0x00000000000005f3       0x31 f:/mounriver/mounriver_studio/toolchain/risc-v embedded gcc12/bin/../lib/gcc/riscv-none-elf/12.2.0/../../../../riscv-none-elf/lib/rv32imac_xw/ilp32\libg_nano.a(lib_a-malloc.o)
 .riscv.attributes
                0x0000000000000624       0x31 f:/mounriver/mounriver_studio/toolchain/risc-v embedded gcc12/bin/../lib/gcc/riscv-none-elf/12.2.0/../../../../riscv-none-elf/lib/rv32imac_xw/ilp32\libg_nano.a(lib_a-nano-freer.o)
 .riscv.attributes
                0x0000000000000655       0x31 f:/mounriver/mounriver_studio/toolchain/risc-v embedded gcc12/bin/../lib/gcc/riscv-none-elf/12.2.0/../../../../riscv-none-elf/lib/rv32imac_xw/ilp32\libg_nano.a(lib_a-nano-mallocr.o)
 .riscv.attributes
                0x0000000000000686       0x31 f:/mounriver/mounriver_studio/toolchain/risc-v embedded gcc12/bin/../lib/gcc/riscv-none-elf/12.2.0/../../../../riscv-none-elf/lib/rv32imac_xw/ilp32\libg_nano.a(lib_a-nano-vfprintf.o)
 .riscv.attributes
                0x00000000000006b7       0x31 f:/mounriver/mounriver_studio/toolchain/risc-v embedded gcc12/bin/../lib/gcc/riscv-none-elf/12.2.0/../../../../riscv-none-elf/lib/rv32imac_xw/ilp32\libg_nano.a(lib_a-sbrkr.o)
 .riscv.attributes
                0x00000000000006e8       0x31 f:/mounriver/mounriver_studio/toolchain/risc-v embedded gcc12/bin/../lib/gcc/riscv-none-elf/12.2.0/../../../../riscv-none-elf/lib/rv32imac_xw/ilp32\libg_nano.a(lib_a-wbuf.o)
 .riscv.attributes
                0x0000000000000719       0x31 f:/mounriver/mounriver_studio/toolchain/risc-v embedded gcc12/bin/../lib/gcc/riscv-none-elf/12.2.0/../../../../riscv-none-elf/lib/rv32imac_xw/ilp32\libg_nano.a(lib_a-wsetup.o)
 .riscv.attributes
                0x000000000000074a       0x31 f:/mounriver/mounriver_studio/toolchain/risc-v embedded gcc12/bin/../lib/gcc/riscv-none-elf/12.2.0/../../../../riscv-none-elf/lib/rv32imac_xw/ilp32\libg_nano.a(lib_a-abort.o)
 .riscv.attributes
                0x000000000000077b       0x31 f:/mounriver/mounriver_studio/toolchain/risc-v embedded gcc12/bin/../lib/gcc/riscv-none-elf/12.2.0/../../../../riscv-none-elf/lib/rv32imac_xw/ilp32\libg_nano.a(lib_a-fflush.o)
 .riscv.attributes
                0x00000000000007ac       0x31 f:/mounriver/mounriver_studio/toolchain/risc-v embedded gcc12/bin/../lib/gcc/riscv-none-elf/12.2.0/../../../../riscv-none-elf/lib/rv32imac_xw/ilp32\libg_nano.a(lib_a-findfp.o)
 .riscv.attributes
                0x00000000000007dd       0x31 f:/mounriver/mounriver_studio/toolchain/risc-v embedded gcc12/bin/../lib/gcc/riscv-none-elf/12.2.0/../../../../riscv-none-elf/lib/rv32imac_xw/ilp32\libg_nano.a(lib_a-fwalk.o)
 .riscv.attributes
                0x000000000000080e       0x31 f:/mounriver/mounriver_studio/toolchain/risc-v embedded gcc12/bin/../lib/gcc/riscv-none-elf/12.2.0/../../../../riscv-none-elf/lib/rv32imac_xw/ilp32\libg_nano.a(lib_a-lock.o)
 .riscv.attributes
                0x000000000000083f       0x31 f:/mounriver/mounriver_studio/toolchain/risc-v embedded gcc12/bin/../lib/gcc/riscv-none-elf/12.2.0/../../../../riscv-none-elf/lib/rv32imac_xw/ilp32\libg_nano.a(lib_a-makebuf.o)
 .riscv.attributes
                0x0000000000000870       0x31 f:/mounriver/mounriver_studio/toolchain/risc-v embedded gcc12/bin/../lib/gcc/riscv-none-elf/12.2.0/../../../../riscv-none-elf/lib/rv32imac_xw/ilp32\libg_nano.a(lib_a-memchr.o)
 .riscv.attributes
                0x00000000000008a1       0x2f f:/mounriver/mounriver_studio/toolchain/risc-v embedded gcc12/bin/../lib/gcc/riscv-none-elf/12.2.0/../../../../riscv-none-elf/lib/rv32imac_xw/ilp32\libg_nano.a(lib_a-memset.o)
 .riscv.attributes
                0x00000000000008d0       0x31 f:/mounriver/mounriver_studio/toolchain/risc-v embedded gcc12/bin/../lib/gcc/riscv-none-elf/12.2.0/../../../../riscv-none-elf/lib/rv32imac_xw/ilp32\libg_nano.a(lib_a-mlock.o)
 .riscv.attributes
                0x0000000000000901       0x31 f:/mounriver/mounriver_studio/toolchain/risc-v embedded gcc12/bin/../lib/gcc/riscv-none-elf/12.2.0/../../../../riscv-none-elf/lib/rv32imac_xw/ilp32\libg_nano.a(lib_a-nano-vfprintf_i.o)
 .riscv.attributes
                0x0000000000000932       0x31 f:/mounriver/mounriver_studio/toolchain/risc-v embedded gcc12/bin/../lib/gcc/riscv-none-elf/12.2.0/../../../../riscv-none-elf/lib/rv32imac_xw/ilp32\libg_nano.a(lib_a-reent.o)
 .riscv.attributes
                0x0000000000000963       0x31 f:/mounriver/mounriver_studio/toolchain/risc-v embedded gcc12/bin/../lib/gcc/riscv-none-elf/12.2.0/../../../../riscv-none-elf/lib/rv32imac_xw/ilp32\libg_nano.a(lib_a-signal.o)
 .riscv.attributes
                0x0000000000000994       0x31 f:/mounriver/mounriver_studio/toolchain/risc-v embedded gcc12/bin/../lib/gcc/riscv-none-elf/12.2.0/../../../../riscv-none-elf/lib/rv32imac_xw/ilp32\libg_nano.a(lib_a-signalr.o)
 .riscv.attributes
                0x00000000000009c5       0x31 f:/mounriver/mounriver_studio/toolchain/risc-v embedded gcc12/bin/../lib/gcc/riscv-none-elf/12.2.0/../../../../riscv-none-elf/lib/rv32imac_xw/ilp32\libg_nano.a(lib_a-stdio.o)
 .riscv.attributes
                0x00000000000009f6       0x31 f:/mounriver/mounriver_studio/toolchain/risc-v embedded gcc12/bin/../lib/gcc/riscv-none-elf/12.2.0/../../../../riscv-none-elf/lib/rv32imac_xw/ilp32\libg_nano.a(lib_a-writer.o)
 .riscv.attributes
                0x0000000000000a27       0x31 f:/mounriver/mounriver_studio/toolchain/risc-v embedded gcc12/bin/../lib/gcc/riscv-none-elf/12.2.0/../../../../riscv-none-elf/lib/rv32imac_xw/ilp32\libg_nano.a(lib_a-closer.o)
 .riscv.attributes
                0x0000000000000a58       0x31 f:/mounriver/mounriver_studio/toolchain/risc-v embedded gcc12/bin/../lib/gcc/riscv-none-elf/12.2.0/../../../../riscv-none-elf/lib/rv32imac_xw/ilp32\libg_nano.a(lib_a-fstatr.o)
 .riscv.attributes
                0x0000000000000a89       0x31 f:/mounriver/mounriver_studio/toolchain/risc-v embedded gcc12/bin/../lib/gcc/riscv-none-elf/12.2.0/../../../../riscv-none-elf/lib/rv32imac_xw/ilp32\libg_nano.a(lib_a-isattyr.o)
 .riscv.attributes
                0x0000000000000aba       0x31 f:/mounriver/mounriver_studio/toolchain/risc-v embedded gcc12/bin/../lib/gcc/riscv-none-elf/12.2.0/../../../../riscv-none-elf/lib/rv32imac_xw/ilp32\libg_nano.a(lib_a-lseekr.o)
 .riscv.attributes
                0x0000000000000aeb       0x31 f:/mounriver/mounriver_studio/toolchain/risc-v embedded gcc12/bin/../lib/gcc/riscv-none-elf/12.2.0/../../../../riscv-none-elf/lib/rv32imac_xw/ilp32\libg_nano.a(lib_a-readr.o)
 .riscv.attributes
                0x0000000000000b1c       0x31 f:/mounriver/mounriver_studio/toolchain/risc-v embedded gcc12/bin/../lib/gcc/riscv-none-elf/12.2.0/../../../../riscv-none-elf/lib/rv32imac_xw/ilp32\libnosys.a(close.o)
 .riscv.attributes
                0x0000000000000b4d       0x31 f:/mounriver/mounriver_studio/toolchain/risc-v embedded gcc12/bin/../lib/gcc/riscv-none-elf/12.2.0/../../../../riscv-none-elf/lib/rv32imac_xw/ilp32\libnosys.a(fstat.o)
 .riscv.attributes
                0x0000000000000b7e       0x31 f:/mounriver/mounriver_studio/toolchain/risc-v embedded gcc12/bin/../lib/gcc/riscv-none-elf/12.2.0/../../../../riscv-none-elf/lib/rv32imac_xw/ilp32\libnosys.a(getpid.o)
 .riscv.attributes
                0x0000000000000baf       0x31 f:/mounriver/mounriver_studio/toolchain/risc-v embedded gcc12/bin/../lib/gcc/riscv-none-elf/12.2.0/../../../../riscv-none-elf/lib/rv32imac_xw/ilp32\libnosys.a(isatty.o)
 .riscv.attributes
                0x0000000000000be0       0x31 f:/mounriver/mounriver_studio/toolchain/risc-v embedded gcc12/bin/../lib/gcc/riscv-none-elf/12.2.0/../../../../riscv-none-elf/lib/rv32imac_xw/ilp32\libnosys.a(kill.o)
 .riscv.attributes
                0x0000000000000c11       0x31 f:/mounriver/mounriver_studio/toolchain/risc-v embedded gcc12/bin/../lib/gcc/riscv-none-elf/12.2.0/../../../../riscv-none-elf/lib/rv32imac_xw/ilp32\libnosys.a(lseek.o)
 .riscv.attributes
                0x0000000000000c42       0x31 f:/mounriver/mounriver_studio/toolchain/risc-v embedded gcc12/bin/../lib/gcc/riscv-none-elf/12.2.0/../../../../riscv-none-elf/lib/rv32imac_xw/ilp32\libnosys.a(read.o)
 .riscv.attributes
                0x0000000000000c73       0x31 f:/mounriver/mounriver_studio/toolchain/risc-v embedded gcc12/bin/../lib/gcc/riscv-none-elf/12.2.0/../../../../riscv-none-elf/lib/rv32imac_xw/ilp32\libnosys.a(_exit.o)

.comment        0x0000000000000000       0x31
 .comment       0x0000000000000000       0x31 ./wch_sdk/Peripheral/src/ch32v20x_exti.o
                                         0x32 (size before relaxing)
 .comment       0x0000000000000031       0x32 ./wch_sdk/Peripheral/src/ch32v20x_gpio.o
 .comment       0x0000000000000031       0x32 ./wch_sdk/Peripheral/src/ch32v20x_misc.o
 .comment       0x0000000000000031       0x32 ./wch_sdk/Peripheral/src/ch32v20x_rcc.o
 .comment       0x0000000000000031       0x32 ./wch_sdk/Peripheral/src/ch32v20x_tim.o
 .comment       0x0000000000000031       0x32 ./wch_sdk/Peripheral/src/ch32v20x_usart.o
 .comment       0x0000000000000031       0x32 ./wch_sdk/Debug/debug.o
 .comment       0x0000000000000031       0x32 ./user/ch32v20x_it.o
 .comment       0x0000000000000031       0x32 ./user/main.o
 .comment       0x0000000000000031       0x32 ./user/system_ch32v20x.o
 .comment       0x0000000000000031       0x32 ./BLDC_c/control.o
 .comment       0x0000000000000031       0x32 ./BLDC_c/led.o
 .comment       0x0000000000000031       0x32 ./BLDC_c/opma.o
 .comment       0x0000000000000031       0x32 ./BLDC_c/pwm_output.o
 .comment       0x0000000000000031       0x32 ./BLDC_c/usart.o
 .comment       0x0000000000000031       0x32 f:/mounriver/mounriver_studio/toolchain/risc-v embedded gcc12/bin/../lib/gcc/riscv-none-elf/12.2.0/rv32imac_xw/ilp32\libgcc.a(adddf3.o)
 .comment       0x0000000000000031       0x32 f:/mounriver/mounriver_studio/toolchain/risc-v embedded gcc12/bin/../lib/gcc/riscv-none-elf/12.2.0/rv32imac_xw/ilp32\libgcc.a(muldf3.o)
 .comment       0x0000000000000031       0x32 f:/mounriver/mounriver_studio/toolchain/risc-v embedded gcc12/bin/../lib/gcc/riscv-none-elf/12.2.0/rv32imac_xw/ilp32\libgcc.a(fixdfsi.o)
 .comment       0x0000000000000031       0x32 f:/mounriver/mounriver_studio/toolchain/risc-v embedded gcc12/bin/../lib/gcc/riscv-none-elf/12.2.0/rv32imac_xw/ilp32\libgcc.a(floatsidf.o)
 .comment       0x0000000000000031       0x32 f:/mounriver/mounriver_studio/toolchain/risc-v embedded gcc12/bin/../lib/gcc/riscv-none-elf/12.2.0/rv32imac_xw/ilp32\libgcc.a(divsf3.o)
 .comment       0x0000000000000031       0x32 f:/mounriver/mounriver_studio/toolchain/risc-v embedded gcc12/bin/../lib/gcc/riscv-none-elf/12.2.0/rv32imac_xw/ilp32\libgcc.a(lesf2.o)
 .comment       0x0000000000000031       0x32 f:/mounriver/mounriver_studio/toolchain/risc-v embedded gcc12/bin/../lib/gcc/riscv-none-elf/12.2.0/rv32imac_xw/ilp32\libgcc.a(floatsisf.o)
 .comment       0x0000000000000031       0x32 f:/mounriver/mounriver_studio/toolchain/risc-v embedded gcc12/bin/../lib/gcc/riscv-none-elf/12.2.0/rv32imac_xw/ilp32\libgcc.a(floatunsisf.o)
 .comment       0x0000000000000031       0x32 f:/mounriver/mounriver_studio/toolchain/risc-v embedded gcc12/bin/../lib/gcc/riscv-none-elf/12.2.0/rv32imac_xw/ilp32\libgcc.a(_clzsi2.o)
 .comment       0x0000000000000031       0x32 f:/mounriver/mounriver_studio/toolchain/risc-v embedded gcc12/bin/../lib/gcc/riscv-none-elf/12.2.0/rv32imac_xw/ilp32\libgcc.a(_clz.o)
 .comment       0x0000000000000031       0x32 f:/mounriver/mounriver_studio/toolchain/risc-v embedded gcc12/bin/../lib/gcc/riscv-none-elf/12.2.0/../../../../riscv-none-elf/lib/rv32imac_xw/ilp32\libg_nano.a(lib_a-rand.o)
 .comment       0x0000000000000031       0x32 f:/mounriver/mounriver_studio/toolchain/risc-v embedded gcc12/bin/../lib/gcc/riscv-none-elf/12.2.0/../../../../riscv-none-elf/lib/rv32imac_xw/ilp32\libg_nano.a(lib_a-assert.o)
 .comment       0x0000000000000031       0x32 f:/mounriver/mounriver_studio/toolchain/risc-v embedded gcc12/bin/../lib/gcc/riscv-none-elf/12.2.0/../../../../riscv-none-elf/lib/rv32imac_xw/ilp32\libg_nano.a(lib_a-fprintf.o)
 .comment       0x0000000000000031       0x32 f:/mounriver/mounriver_studio/toolchain/risc-v embedded gcc12/bin/../lib/gcc/riscv-none-elf/12.2.0/../../../../riscv-none-elf/lib/rv32imac_xw/ilp32\libg_nano.a(lib_a-impure.o)
 .comment       0x0000000000000031       0x32 f:/mounriver/mounriver_studio/toolchain/risc-v embedded gcc12/bin/../lib/gcc/riscv-none-elf/12.2.0/../../../../riscv-none-elf/lib/rv32imac_xw/ilp32\libg_nano.a(lib_a-malloc.o)
 .comment       0x0000000000000031       0x32 f:/mounriver/mounriver_studio/toolchain/risc-v embedded gcc12/bin/../lib/gcc/riscv-none-elf/12.2.0/../../../../riscv-none-elf/lib/rv32imac_xw/ilp32\libg_nano.a(lib_a-nano-freer.o)
 .comment       0x0000000000000031       0x32 f:/mounriver/mounriver_studio/toolchain/risc-v embedded gcc12/bin/../lib/gcc/riscv-none-elf/12.2.0/../../../../riscv-none-elf/lib/rv32imac_xw/ilp32\libg_nano.a(lib_a-nano-mallocr.o)
 .comment       0x0000000000000031       0x32 f:/mounriver/mounriver_studio/toolchain/risc-v embedded gcc12/bin/../lib/gcc/riscv-none-elf/12.2.0/../../../../riscv-none-elf/lib/rv32imac_xw/ilp32\libg_nano.a(lib_a-nano-vfprintf.o)
 .comment       0x0000000000000031       0x32 f:/mounriver/mounriver_studio/toolchain/risc-v embedded gcc12/bin/../lib/gcc/riscv-none-elf/12.2.0/../../../../riscv-none-elf/lib/rv32imac_xw/ilp32\libg_nano.a(lib_a-sbrkr.o)
 .comment       0x0000000000000031       0x32 f:/mounriver/mounriver_studio/toolchain/risc-v embedded gcc12/bin/../lib/gcc/riscv-none-elf/12.2.0/../../../../riscv-none-elf/lib/rv32imac_xw/ilp32\libg_nano.a(lib_a-wbuf.o)
 .comment       0x0000000000000031       0x32 f:/mounriver/mounriver_studio/toolchain/risc-v embedded gcc12/bin/../lib/gcc/riscv-none-elf/12.2.0/../../../../riscv-none-elf/lib/rv32imac_xw/ilp32\libg_nano.a(lib_a-wsetup.o)
 .comment       0x0000000000000031       0x32 f:/mounriver/mounriver_studio/toolchain/risc-v embedded gcc12/bin/../lib/gcc/riscv-none-elf/12.2.0/../../../../riscv-none-elf/lib/rv32imac_xw/ilp32\libg_nano.a(lib_a-abort.o)
 .comment       0x0000000000000031       0x32 f:/mounriver/mounriver_studio/toolchain/risc-v embedded gcc12/bin/../lib/gcc/riscv-none-elf/12.2.0/../../../../riscv-none-elf/lib/rv32imac_xw/ilp32\libg_nano.a(lib_a-fflush.o)
 .comment       0x0000000000000031       0x32 f:/mounriver/mounriver_studio/toolchain/risc-v embedded gcc12/bin/../lib/gcc/riscv-none-elf/12.2.0/../../../../riscv-none-elf/lib/rv32imac_xw/ilp32\libg_nano.a(lib_a-findfp.o)
 .comment       0x0000000000000031       0x32 f:/mounriver/mounriver_studio/toolchain/risc-v embedded gcc12/bin/../lib/gcc/riscv-none-elf/12.2.0/../../../../riscv-none-elf/lib/rv32imac_xw/ilp32\libg_nano.a(lib_a-fwalk.o)
 .comment       0x0000000000000031       0x32 f:/mounriver/mounriver_studio/toolchain/risc-v embedded gcc12/bin/../lib/gcc/riscv-none-elf/12.2.0/../../../../riscv-none-elf/lib/rv32imac_xw/ilp32\libg_nano.a(lib_a-lock.o)
 .comment       0x0000000000000031       0x32 f:/mounriver/mounriver_studio/toolchain/risc-v embedded gcc12/bin/../lib/gcc/riscv-none-elf/12.2.0/../../../../riscv-none-elf/lib/rv32imac_xw/ilp32\libg_nano.a(lib_a-makebuf.o)
 .comment       0x0000000000000031       0x32 f:/mounriver/mounriver_studio/toolchain/risc-v embedded gcc12/bin/../lib/gcc/riscv-none-elf/12.2.0/../../../../riscv-none-elf/lib/rv32imac_xw/ilp32\libg_nano.a(lib_a-memchr.o)
 .comment       0x0000000000000031       0x32 f:/mounriver/mounriver_studio/toolchain/risc-v embedded gcc12/bin/../lib/gcc/riscv-none-elf/12.2.0/../../../../riscv-none-elf/lib/rv32imac_xw/ilp32\libg_nano.a(lib_a-mlock.o)
 .comment       0x0000000000000031       0x32 f:/mounriver/mounriver_studio/toolchain/risc-v embedded gcc12/bin/../lib/gcc/riscv-none-elf/12.2.0/../../../../riscv-none-elf/lib/rv32imac_xw/ilp32\libg_nano.a(lib_a-nano-vfprintf_i.o)
 .comment       0x0000000000000031       0x32 f:/mounriver/mounriver_studio/toolchain/risc-v embedded gcc12/bin/../lib/gcc/riscv-none-elf/12.2.0/../../../../riscv-none-elf/lib/rv32imac_xw/ilp32\libg_nano.a(lib_a-reent.o)
 .comment       0x0000000000000031       0x32 f:/mounriver/mounriver_studio/toolchain/risc-v embedded gcc12/bin/../lib/gcc/riscv-none-elf/12.2.0/../../../../riscv-none-elf/lib/rv32imac_xw/ilp32\libg_nano.a(lib_a-signal.o)
 .comment       0x0000000000000031       0x32 f:/mounriver/mounriver_studio/toolchain/risc-v embedded gcc12/bin/../lib/gcc/riscv-none-elf/12.2.0/../../../../riscv-none-elf/lib/rv32imac_xw/ilp32\libg_nano.a(lib_a-signalr.o)
 .comment       0x0000000000000031       0x32 f:/mounriver/mounriver_studio/toolchain/risc-v embedded gcc12/bin/../lib/gcc/riscv-none-elf/12.2.0/../../../../riscv-none-elf/lib/rv32imac_xw/ilp32\libg_nano.a(lib_a-stdio.o)
 .comment       0x0000000000000031       0x32 f:/mounriver/mounriver_studio/toolchain/risc-v embedded gcc12/bin/../lib/gcc/riscv-none-elf/12.2.0/../../../../riscv-none-elf/lib/rv32imac_xw/ilp32\libg_nano.a(lib_a-writer.o)
 .comment       0x0000000000000031       0x32 f:/mounriver/mounriver_studio/toolchain/risc-v embedded gcc12/bin/../lib/gcc/riscv-none-elf/12.2.0/../../../../riscv-none-elf/lib/rv32imac_xw/ilp32\libg_nano.a(lib_a-closer.o)
 .comment       0x0000000000000031       0x32 f:/mounriver/mounriver_studio/toolchain/risc-v embedded gcc12/bin/../lib/gcc/riscv-none-elf/12.2.0/../../../../riscv-none-elf/lib/rv32imac_xw/ilp32\libg_nano.a(lib_a-fstatr.o)
 .comment       0x0000000000000031       0x32 f:/mounriver/mounriver_studio/toolchain/risc-v embedded gcc12/bin/../lib/gcc/riscv-none-elf/12.2.0/../../../../riscv-none-elf/lib/rv32imac_xw/ilp32\libg_nano.a(lib_a-isattyr.o)
 .comment       0x0000000000000031       0x32 f:/mounriver/mounriver_studio/toolchain/risc-v embedded gcc12/bin/../lib/gcc/riscv-none-elf/12.2.0/../../../../riscv-none-elf/lib/rv32imac_xw/ilp32\libg_nano.a(lib_a-lseekr.o)
 .comment       0x0000000000000031       0x32 f:/mounriver/mounriver_studio/toolchain/risc-v embedded gcc12/bin/../lib/gcc/riscv-none-elf/12.2.0/../../../../riscv-none-elf/lib/rv32imac_xw/ilp32\libg_nano.a(lib_a-readr.o)
 .comment       0x0000000000000031       0x32 f:/mounriver/mounriver_studio/toolchain/risc-v embedded gcc12/bin/../lib/gcc/riscv-none-elf/12.2.0/../../../../riscv-none-elf/lib/rv32imac_xw/ilp32\libnosys.a(close.o)
 .comment       0x0000000000000031       0x32 f:/mounriver/mounriver_studio/toolchain/risc-v embedded gcc12/bin/../lib/gcc/riscv-none-elf/12.2.0/../../../../riscv-none-elf/lib/rv32imac_xw/ilp32\libnosys.a(fstat.o)
 .comment       0x0000000000000031       0x32 f:/mounriver/mounriver_studio/toolchain/risc-v embedded gcc12/bin/../lib/gcc/riscv-none-elf/12.2.0/../../../../riscv-none-elf/lib/rv32imac_xw/ilp32\libnosys.a(getpid.o)
 .comment       0x0000000000000031       0x32 f:/mounriver/mounriver_studio/toolchain/risc-v embedded gcc12/bin/../lib/gcc/riscv-none-elf/12.2.0/../../../../riscv-none-elf/lib/rv32imac_xw/ilp32\libnosys.a(isatty.o)
 .comment       0x0000000000000031       0x32 f:/mounriver/mounriver_studio/toolchain/risc-v embedded gcc12/bin/../lib/gcc/riscv-none-elf/12.2.0/../../../../riscv-none-elf/lib/rv32imac_xw/ilp32\libnosys.a(kill.o)
 .comment       0x0000000000000031       0x32 f:/mounriver/mounriver_studio/toolchain/risc-v embedded gcc12/bin/../lib/gcc/riscv-none-elf/12.2.0/../../../../riscv-none-elf/lib/rv32imac_xw/ilp32\libnosys.a(lseek.o)
 .comment       0x0000000000000031       0x32 f:/mounriver/mounriver_studio/toolchain/risc-v embedded gcc12/bin/../lib/gcc/riscv-none-elf/12.2.0/../../../../riscv-none-elf/lib/rv32imac_xw/ilp32\libnosys.a(read.o)
 .comment       0x0000000000000031       0x32 f:/mounriver/mounriver_studio/toolchain/risc-v embedded gcc12/bin/../lib/gcc/riscv-none-elf/12.2.0/../../../../riscv-none-elf/lib/rv32imac_xw/ilp32\libnosys.a(_exit.o)

.debug_line     0x0000000000000000     0xa88a
 .debug_line    0x0000000000000000      0x258 ./wch_sdk/Startup/startup_ch32v20x_D6.o
 .debug_line    0x0000000000000258      0x408 ./wch_sdk/Peripheral/src/ch32v20x_exti.o
 .debug_line    0x0000000000000660     0x13e3 ./wch_sdk/Peripheral/src/ch32v20x_gpio.o
 .debug_line    0x0000000000001a43      0x2cc ./wch_sdk/Peripheral/src/ch32v20x_misc.o
 .debug_line    0x0000000000001d0f     0x100e ./wch_sdk/Peripheral/src/ch32v20x_rcc.o
 .debug_line    0x0000000000002d1d     0x301c ./wch_sdk/Peripheral/src/ch32v20x_tim.o
 .debug_line    0x0000000000005d39      0xdeb ./wch_sdk/Peripheral/src/ch32v20x_usart.o
 .debug_line    0x0000000000006b24      0x523 ./wch_sdk/Debug/debug.o
 .debug_line    0x0000000000007047      0x43a ./user/ch32v20x_it.o
 .debug_line    0x0000000000007481      0x1c2 ./user/main.o
 .debug_line    0x0000000000007643      0x410 ./user/system_ch32v20x.o
 .debug_line    0x0000000000007a53     0x1099 ./BLDC_c/control.o
 .debug_line    0x0000000000008aec      0x242 ./BLDC_c/led.o
 .debug_line    0x0000000000008d2e      0x2a4 ./BLDC_c/opma.o
 .debug_line    0x0000000000008fd2     0x15c1 ./BLDC_c/pwm_output.o
 .debug_line    0x000000000000a593      0x2f7 ./BLDC_c/usart.o

.debug_line_str
                0x0000000000000000      0x6e7
 .debug_line_str
                0x0000000000000000       0x72 ./wch_sdk/Startup/startup_ch32v20x_D6.o
                                         0x88 (size before relaxing)
 .debug_line_str
                0x0000000000000072      0x1c8 ./wch_sdk/Peripheral/src/ch32v20x_exti.o
                                        0x24f (size before relaxing)
 .debug_line_str
                0x000000000000023a       0x64 ./wch_sdk/Peripheral/src/ch32v20x_gpio.o
                                        0x25e (size before relaxing)
 .debug_line_str
                0x000000000000029e       0x55 ./wch_sdk/Peripheral/src/ch32v20x_misc.o
                                        0x24f (size before relaxing)
 .debug_line_str
                0x00000000000002f3       0x44 ./wch_sdk/Peripheral/src/ch32v20x_rcc.o
                                        0x24b (size before relaxing)
 .debug_line_str
                0x0000000000000337       0x53 ./wch_sdk/Peripheral/src/ch32v20x_tim.o
                                        0x25a (size before relaxing)
 .debug_line_str
                0x000000000000038a       0x57 ./wch_sdk/Peripheral/src/ch32v20x_usart.o
                                        0x262 (size before relaxing)
 .debug_line_str
                0x00000000000003e1      0x10a ./wch_sdk/Debug/debug.o
                                        0x2ef (size before relaxing)
 .debug_line_str
                0x00000000000004eb       0xba ./user/ch32v20x_it.o
                                        0x294 (size before relaxing)
 .debug_line_str
                0x00000000000005a5       0x3f ./user/main.o
                                        0x27b (size before relaxing)
 .debug_line_str
                0x00000000000005e4       0x3d ./user/system_ch32v20x.o
                                        0x243 (size before relaxing)
 .debug_line_str
                0x0000000000000621       0x7c ./BLDC_c/control.o
                                        0x2f3 (size before relaxing)
 .debug_line_str
                0x000000000000069d       0x10 ./BLDC_c/led.o
                                        0x221 (size before relaxing)
 .debug_line_str
                0x00000000000006ad       0x11 ./BLDC_c/opma.o
                                        0x1ee (size before relaxing)
 .debug_line_str
                0x00000000000006be       0x17 ./BLDC_c/pwm_output.o
                                        0x25a (size before relaxing)
 .debug_line_str
                0x00000000000006d5       0x12 ./BLDC_c/usart.o
                                        0x250 (size before relaxing)

.debug_info     0x0000000000000000     0x90be
 .debug_info    0x0000000000000000       0x23 ./wch_sdk/Startup/startup_ch32v20x_D6.o
 .debug_info    0x0000000000000023      0x32b ./wch_sdk/Peripheral/src/ch32v20x_exti.o
 .debug_info    0x000000000000034e      0x9a1 ./wch_sdk/Peripheral/src/ch32v20x_gpio.o
 .debug_info    0x0000000000000cef      0x5a0 ./wch_sdk/Peripheral/src/ch32v20x_misc.o
 .debug_info    0x000000000000128f      0x8ee ./wch_sdk/Peripheral/src/ch32v20x_rcc.o
 .debug_info    0x0000000000001b7d     0x1ff0 ./wch_sdk/Peripheral/src/ch32v20x_tim.o
 .debug_info    0x0000000000003b6d      0xa59 ./wch_sdk/Peripheral/src/ch32v20x_usart.o
 .debug_info    0x00000000000045c6      0x6a6 ./wch_sdk/Debug/debug.o
 .debug_info    0x0000000000004c6c      0x8d2 ./user/ch32v20x_it.o
 .debug_info    0x000000000000553e      0x72a ./user/main.o
 .debug_info    0x0000000000005c68      0x26a ./user/system_ch32v20x.o
 .debug_info    0x0000000000005ed2      0xf9c ./BLDC_c/control.o
 .debug_info    0x0000000000006e6e      0x347 ./BLDC_c/led.o
 .debug_info    0x00000000000071b5      0x84a ./BLDC_c/opma.o
 .debug_info    0x00000000000079ff      0xfbf ./BLDC_c/pwm_output.o
 .debug_info    0x00000000000089be      0x700 ./BLDC_c/usart.o

.debug_abbrev   0x0000000000000000     0x20b6
 .debug_abbrev  0x0000000000000000       0x12 ./wch_sdk/Startup/startup_ch32v20x_D6.o
 .debug_abbrev  0x0000000000000012      0x1ad ./wch_sdk/Peripheral/src/ch32v20x_exti.o
 .debug_abbrev  0x00000000000001bf      0x26b ./wch_sdk/Peripheral/src/ch32v20x_gpio.o
 .debug_abbrev  0x000000000000042a      0x1db ./wch_sdk/Peripheral/src/ch32v20x_misc.o
 .debug_abbrev  0x0000000000000605      0x251 ./wch_sdk/Peripheral/src/ch32v20x_rcc.o
 .debug_abbrev  0x0000000000000856      0x354 ./wch_sdk/Peripheral/src/ch32v20x_tim.o
 .debug_abbrev  0x0000000000000baa      0x20b ./wch_sdk/Peripheral/src/ch32v20x_usart.o
 .debug_abbrev  0x0000000000000db5      0x216 ./wch_sdk/Debug/debug.o
 .debug_abbrev  0x0000000000000fcb      0x25d ./user/ch32v20x_it.o
 .debug_abbrev  0x0000000000001228      0x1d5 ./user/main.o
 .debug_abbrev  0x00000000000013fd      0x194 ./user/system_ch32v20x.o
 .debug_abbrev  0x0000000000001591      0x36c ./BLDC_c/control.o
 .debug_abbrev  0x00000000000018fd      0x1b1 ./BLDC_c/led.o
 .debug_abbrev  0x0000000000001aae      0x23a ./BLDC_c/opma.o
 .debug_abbrev  0x0000000000001ce8      0x221 ./BLDC_c/pwm_output.o
 .debug_abbrev  0x0000000000001f09      0x1ad ./BLDC_c/usart.o

.debug_aranges  0x0000000000000000      0x8b0
 .debug_aranges
                0x0000000000000000       0x30 ./wch_sdk/Startup/startup_ch32v20x_D6.o
 .debug_aranges
                0x0000000000000030       0x58 ./wch_sdk/Peripheral/src/ch32v20x_exti.o
 .debug_aranges
                0x0000000000000088       0xb0 ./wch_sdk/Peripheral/src/ch32v20x_gpio.o
 .debug_aranges
                0x0000000000000138       0x28 ./wch_sdk/Peripheral/src/ch32v20x_misc.o
 .debug_aranges
                0x0000000000000160      0x128 ./wch_sdk/Peripheral/src/ch32v20x_rcc.o
 .debug_aranges
                0x0000000000000288      0x2e0 ./wch_sdk/Peripheral/src/ch32v20x_tim.o
 .debug_aranges
                0x0000000000000568      0x100 ./wch_sdk/Peripheral/src/ch32v20x_usart.o
 .debug_aranges
                0x0000000000000668       0x48 ./wch_sdk/Debug/debug.o
 .debug_aranges
                0x00000000000006b0       0x58 ./user/ch32v20x_it.o
 .debug_aranges
                0x0000000000000708       0x20 ./user/main.o
 .debug_aranges
                0x0000000000000728       0x28 ./user/system_ch32v20x.o
 .debug_aranges
                0x0000000000000750       0x50 ./BLDC_c/control.o
 .debug_aranges
                0x00000000000007a0       0x30 ./BLDC_c/led.o
 .debug_aranges
                0x00000000000007d0       0x38 ./BLDC_c/opma.o
 .debug_aranges
                0x0000000000000808       0x78 ./BLDC_c/pwm_output.o
 .debug_aranges
                0x0000000000000880       0x30 ./BLDC_c/usart.o

.debug_str      0x0000000000000000     0x25e3
 .debug_str     0x0000000000000000       0x7e ./wch_sdk/Startup/startup_ch32v20x_D6.o
 .debug_str     0x000000000000007e      0x2dd ./wch_sdk/Peripheral/src/ch32v20x_exti.o
                                        0x33b (size before relaxing)
 .debug_str     0x000000000000035b      0x3de ./wch_sdk/Peripheral/src/ch32v20x_gpio.o
                                        0x56a (size before relaxing)
 .debug_str     0x0000000000000739      0x49c ./wch_sdk/Peripheral/src/ch32v20x_misc.o
                                        0x633 (size before relaxing)
 .debug_str     0x0000000000000bd5      0x44c ./wch_sdk/Peripheral/src/ch32v20x_rcc.o
                                        0x66b (size before relaxing)
 .debug_str     0x0000000000001021      0xbbc ./wch_sdk/Peripheral/src/ch32v20x_tim.o
                                        0xe68 (size before relaxing)
 .debug_str     0x0000000000001bdd      0x3f9 ./wch_sdk/Peripheral/src/ch32v20x_usart.o
                                        0x6c4 (size before relaxing)
 .debug_str     0x0000000000001fd6       0xbc ./wch_sdk/Debug/debug.o
                                        0x515 (size before relaxing)
 .debug_str     0x0000000000002092      0x1ff ./user/ch32v20x_it.o
                                        0x5f0 (size before relaxing)
 .debug_str     0x0000000000002291       0xdb ./user/main.o
                                        0x754 (size before relaxing)
 .debug_str     0x000000000000236c       0x4a ./user/system_ch32v20x.o
                                        0x266 (size before relaxing)
 .debug_str     0x00000000000023b6      0x12b ./BLDC_c/control.o
                                        0xaf9 (size before relaxing)
 .debug_str     0x00000000000024e1      0x12b ./BLDC_c/led.o
                                        0x338 (size before relaxing)
 .debug_str     0x00000000000024e1       0x1f ./BLDC_c/opma.o
                                        0x851 (size before relaxing)
 .debug_str     0x0000000000002500       0xbe ./BLDC_c/pwm_output.o
                                        0x982 (size before relaxing)
 .debug_str     0x00000000000025be       0x25 ./BLDC_c/usart.o
                                        0x7ef (size before relaxing)

.debug_rnglists
                0x0000000000000000      0x963
 .debug_rnglists
                0x0000000000000000       0x20 ./wch_sdk/Startup/startup_ch32v20x_D6.o
 .debug_rnglists
                0x0000000000000020       0x55 ./wch_sdk/Peripheral/src/ch32v20x_exti.o
 .debug_rnglists
                0x0000000000000075       0xb8 ./wch_sdk/Peripheral/src/ch32v20x_gpio.o
 .debug_rnglists
                0x000000000000012d       0x58 ./wch_sdk/Peripheral/src/ch32v20x_misc.o
 .debug_rnglists
                0x0000000000000185      0x13f ./wch_sdk/Peripheral/src/ch32v20x_rcc.o
 .debug_rnglists
                0x00000000000002c4      0x354 ./wch_sdk/Peripheral/src/ch32v20x_tim.o
 .debug_rnglists
                0x0000000000000618      0x112 ./wch_sdk/Peripheral/src/ch32v20x_usart.o
 .debug_rnglists
                0x000000000000072a       0x43 ./wch_sdk/Debug/debug.o
 .debug_rnglists
                0x000000000000076d       0x55 ./user/ch32v20x_it.o
 .debug_rnglists
                0x00000000000007c2       0x16 ./user/main.o
 .debug_rnglists
                0x00000000000007d8       0x1f ./user/system_ch32v20x.o
 .debug_rnglists
                0x00000000000007f7       0x5f ./BLDC_c/control.o
 .debug_rnglists
                0x0000000000000856       0x3b ./BLDC_c/led.o
 .debug_rnglists
                0x0000000000000891       0x31 ./BLDC_c/opma.o
 .debug_rnglists
                0x00000000000008c2       0x79 ./BLDC_c/pwm_output.o
 .debug_rnglists
                0x000000000000093b       0x28 ./BLDC_c/usart.o

.debug_loclists
                0x0000000000000000     0x2daf
 .debug_loclists
                0x0000000000000000      0x118 ./wch_sdk/Peripheral/src/ch32v20x_exti.o
 .debug_loclists
                0x0000000000000118      0x967 ./wch_sdk/Peripheral/src/ch32v20x_gpio.o
 .debug_loclists
                0x0000000000000a7f       0xc4 ./wch_sdk/Peripheral/src/ch32v20x_misc.o
 .debug_loclists
                0x0000000000000b43      0x591 ./wch_sdk/Peripheral/src/ch32v20x_rcc.o
 .debug_loclists
                0x00000000000010d4     0x1213 ./wch_sdk/Peripheral/src/ch32v20x_tim.o
 .debug_loclists
                0x00000000000022e7      0x635 ./wch_sdk/Peripheral/src/ch32v20x_usart.o
 .debug_loclists
                0x000000000000291c      0x156 ./wch_sdk/Debug/debug.o
 .debug_loclists
                0x0000000000002a72       0x5a ./user/main.o
 .debug_loclists
                0x0000000000002acc       0xad ./user/system_ch32v20x.o
 .debug_loclists
                0x0000000000002b79      0x119 ./BLDC_c/control.o
 .debug_loclists
                0x0000000000002c92       0x26 ./BLDC_c/led.o
 .debug_loclists
                0x0000000000002cb8       0x33 ./BLDC_c/opma.o
 .debug_loclists
                0x0000000000002ceb       0x48 ./BLDC_c/pwm_output.o
 .debug_loclists
                0x0000000000002d33       0x7c ./BLDC_c/usart.o

.debug_frame    0x0000000000000000     0x1178
 .debug_frame   0x0000000000000000       0x90 ./wch_sdk/Peripheral/src/ch32v20x_exti.o
 .debug_frame   0x0000000000000090      0x170 ./wch_sdk/Peripheral/src/ch32v20x_gpio.o
 .debug_frame   0x0000000000000200       0x30 ./wch_sdk/Peripheral/src/ch32v20x_misc.o
 .debug_frame   0x0000000000000230      0x244 ./wch_sdk/Peripheral/src/ch32v20x_rcc.o
 .debug_frame   0x0000000000000474      0x610 ./wch_sdk/Peripheral/src/ch32v20x_tim.o
 .debug_frame   0x0000000000000a84      0x204 ./wch_sdk/Peripheral/src/ch32v20x_usart.o
 .debug_frame   0x0000000000000c88       0x9c ./wch_sdk/Debug/debug.o
 .debug_frame   0x0000000000000d24       0xb0 ./user/ch32v20x_it.o
 .debug_frame   0x0000000000000dd4       0x28 ./user/main.o
 .debug_frame   0x0000000000000dfc       0x30 ./user/system_ch32v20x.o
 .debug_frame   0x0000000000000e2c       0xdc ./BLDC_c/control.o
 .debug_frame   0x0000000000000f08       0x60 ./BLDC_c/led.o
 .debug_frame   0x0000000000000f68       0x74 ./BLDC_c/opma.o
 .debug_frame   0x0000000000000fdc      0x12c ./BLDC_c/pwm_output.o
 .debug_frame   0x0000000000001108       0x70 ./BLDC_c/usart.o